Component: ARM Compiler 6.16 Tool: armlink [5dfeaa00]

==============================================================================

Section Cross References

    startup_stm32f446xx.o(STACK) refers (Special) to heapauxi.o(.text) for __use_two_region_memory
    startup_stm32f446xx.o(HEAP) refers (Special) to heapauxi.o(.text) for __use_two_region_memory
    startup_stm32f446xx.o(RESET) refers (Special) to heapauxi.o(.text) for __use_two_region_memory
    startup_stm32f446xx.o(RESET) refers to startup_stm32f446xx.o(STACK) for __initial_sp
    startup_stm32f446xx.o(RESET) refers to startup_stm32f446xx.o(.text) for Reset_Handler
    startup_stm32f446xx.o(RESET) refers to stm32f4xx_it.o(.text.NMI_Handler) for NMI_Handler
    startup_stm32f446xx.o(RESET) refers to stm32f4xx_it.o(.text.HardFault_Handler) for HardFault_Handler
    startup_stm32f446xx.o(RESET) refers to stm32f4xx_it.o(.text.MemManage_Handler) for MemManage_Handler
    startup_stm32f446xx.o(RESET) refers to stm32f4xx_it.o(.text.BusFault_Handler) for BusFault_Handler
    startup_stm32f446xx.o(RESET) refers to stm32f4xx_it.o(.text.UsageFault_Handler) for UsageFault_Handler
    startup_stm32f446xx.o(RESET) refers to stm32f4xx_it.o(.text.SVC_Handler) for SVC_Handler
    startup_stm32f446xx.o(RESET) refers to stm32f4xx_it.o(.text.DebugMon_Handler) for DebugMon_Handler
    startup_stm32f446xx.o(RESET) refers to stm32f4xx_it.o(.text.PendSV_Handler) for PendSV_Handler
    startup_stm32f446xx.o(RESET) refers to stm32f4xx_it.o(.text.SysTick_Handler) for SysTick_Handler
    startup_stm32f446xx.o(RESET) refers to stm32f4xx_it.o(.text.CAN1_RX0_IRQHandler) for CAN1_RX0_IRQHandler
    startup_stm32f446xx.o(RESET) refers to stm32f4xx_it.o(.text.CAN1_RX1_IRQHandler) for CAN1_RX1_IRQHandler
    startup_stm32f446xx.o(RESET) refers to stm32f4xx_it.o(.text.I2C1_EV_IRQHandler) for I2C1_EV_IRQHandler
    startup_stm32f446xx.o(RESET) refers to stm32f4xx_it.o(.text.I2C1_ER_IRQHandler) for I2C1_ER_IRQHandler
    startup_stm32f446xx.o(RESET) refers to stm32f4xx_it.o(.text.TIM8_TRG_COM_TIM14_IRQHandler) for TIM8_TRG_COM_TIM14_IRQHandler
    startup_stm32f446xx.o(RESET) refers to stm32f4xx_it.o(.text.DMA1_Stream7_IRQHandler) for DMA1_Stream7_IRQHandler
    startup_stm32f446xx.o(RESET) refers to stm32f4xx_it.o(.text.UART4_IRQHandler) for UART4_IRQHandler
    startup_stm32f446xx.o(RESET) refers to stm32f4xx_it.o(.text.UART5_IRQHandler) for UART5_IRQHandler
    startup_stm32f446xx.o(RESET) refers to stm32f4xx_it.o(.text.CAN2_RX0_IRQHandler) for CAN2_RX0_IRQHandler
    startup_stm32f446xx.o(RESET) refers to stm32f4xx_it.o(.text.CAN2_RX1_IRQHandler) for CAN2_RX1_IRQHandler
    startup_stm32f446xx.o(.text) refers (Special) to heapauxi.o(.text) for __use_two_region_memory
    startup_stm32f446xx.o(.text) refers to system_stm32f4xx.o(.text.SystemInit) for SystemInit
    startup_stm32f446xx.o(.text) refers to __main.o(!!!main) for __main
    startup_stm32f446xx.o(.text) refers to startup_stm32f446xx.o(HEAP) for Heap_Mem
    startup_stm32f446xx.o(.text) refers to startup_stm32f446xx.o(STACK) for Stack_Mem
    main.o(.text.CAN_Transmit) refers to main.o(.bss..L_MergedGlobals.3) for .L_MergedGlobals.3
    main.o(.text.CAN_Transmit) refers to main.o(.bss..L_MergedGlobals.2) for .L_MergedGlobals.2
    main.o(.text.CAN_Transmit) refers to rt_memcpy_w.o(.text) for __aeabi_memcpy4
    main.o(.text.CAN_Transmit) refers to main.o(.bss..L_MergedGlobals.4) for .L_MergedGlobals.4
    main.o(.text.CAN_Transmit) refers to main.o(.bss..L_MergedGlobals.1) for .L_MergedGlobals.1
    main.o(.text.CAN_Transmit) refers to stm32f4xx_hal_can.o(.text.HAL_CAN_AddTxMessage) for HAL_CAN_AddTxMessage
    main.o(.text.CAN_Transmit) refers to stm32f4xx_hal.o(.text.HAL_Delay) for HAL_Delay
    main.o(.ARM.exidx.text.CAN_Transmit) refers to main.o(.text.CAN_Transmit) for [Anonymous Symbol]
    main.o(.text.CAN_Reception) refers to main.o(.bss..L_MergedGlobals.2) for .L_MergedGlobals.2
    main.o(.ARM.exidx.text.CAN_Reception) refers to main.o(.text.CAN_Reception) for [Anonymous Symbol]
    main.o(.text.HAL_UART_RxCpltCallback) refers to main.o(.bss..L_MergedGlobals.5) for .L_MergedGlobals.5
    main.o(.text.HAL_UART_RxCpltCallback) refers to main.o(.bss..L_MergedGlobals.2) for .L_MergedGlobals.2
    main.o(.text.HAL_UART_RxCpltCallback) refers to stm32f4xx_hal_uart.o(.text.HAL_UART_Receive_IT) for HAL_UART_Receive_IT
    main.o(.text.HAL_UART_RxCpltCallback) refers to main.o(.bss..L_MergedGlobals.1) for .L_MergedGlobals.1
    main.o(.ARM.exidx.text.HAL_UART_RxCpltCallback) refers to main.o(.text.HAL_UART_RxCpltCallback) for [Anonymous Symbol]
    main.o(.text.Absolute_Position_Reception) refers to main.o(.bss..L_MergedGlobals.2) for .L_MergedGlobals.2
    main.o(.text.Absolute_Position_Reception) refers to main.o(.bss.Absolute_Position) for Absolute_Position
    main.o(.text.Absolute_Position_Reception) refers to main.o(.bss..L_MergedGlobals.4) for .L_MergedGlobals.4
[...]
    i.__mathlib_dbl_invalid                  0x08006358   Section        0  dunder.o(i.__mathlib_dbl_invalid)
    i.__mathlib_dbl_underflow                0x08006378   Section        0  dunder.o(i.__mathlib_dbl_underflow)
    i.fabs                                   0x08006398   Section        0  fabs.o(i.fabs)
    $v0                                      0x080063b0   Number         0  basic.o(x$fpl$basic)
    x$fpl$basic                              0x080063b0   Section       24  basic.o(x$fpl$basic)
    $v0                                      0x080063c8   Number         0  d2f.o(x$fpl$d2f)
    x$fpl$d2f                                0x080063c8   Section       98  d2f.o(x$fpl$d2f)
    $v0                                      0x0800642c   Number         0  daddsub_clz.o(x$fpl$dadd)
    x$fpl$dadd                               0x0800642c   Section      336  daddsub_clz.o(x$fpl$dadd)
    _dadd1                                   0x0800643d   Thumb Code     0  daddsub_clz.o(x$fpl$dadd)
    $v0                                      0x0800657c   Number         0  dcmpi.o(x$fpl$dcmpinf)
    x$fpl$dcmpinf                            0x0800657c   Section       24  dcmpi.o(x$fpl$dcmpinf)
    $v0                                      0x08006594   Number         0  ddiv.o(x$fpl$ddiv)
    x$fpl$ddiv                               0x08006594   Section      692  ddiv.o(x$fpl$ddiv)
    ddiv_entry                               0x0800659b   Thumb Code     0  ddiv.o(x$fpl$ddiv)
    $v0                                      0x08006848   Number         0  dfix.o(x$fpl$dfix)
    x$fpl$dfix                               0x08006848   Section       94  dfix.o(x$fpl$dfix)
    $v0                                      0x080068a6   Number         0  dflt_clz.o(x$fpl$dflt)
    x$fpl$dflt                               0x080068a6   Section       46  dflt_clz.o(x$fpl$dflt)
    $v0                                      0x080068d4   Number         0  dflt_clz.o(x$fpl$dfltu)
    x$fpl$dfltu                              0x080068d4   Section       38  dflt_clz.o(x$fpl$dfltu)
    $v0                                      0x080068fc   Number         0  dleqf.o(x$fpl$dleqf)
    x$fpl$dleqf                              0x080068fc   Section      120  dleqf.o(x$fpl$dleqf)
    $v0                                      0x08006974   Number         0  dmul.o(x$fpl$dmul)
    x$fpl$dmul                               0x08006974   Section      340  dmul.o(x$fpl$dmul)
    $v0                                      0x08006ac8   Number         0  dnaninf.o(x$fpl$dnaninf)
    x$fpl$dnaninf                            0x08006ac8   Section      156  dnaninf.o(x$fpl$dnaninf)
    $v0                                      0x08006b64   Number         0  dretinf.o(x$fpl$dretinf)
    x$fpl$dretinf                            0x08006b64   Section       12  dretinf.o(x$fpl$dretinf)
    $v0                                      0x08006b70   Number         0  drleqf.o(x$fpl$drleqf)
    x$fpl$drleqf                             0x08006b70   Section      108  drleqf.o(x$fpl$drleqf)
    $v0                                      0x08006bdc   Number         0  drnd.o(x$fpl$drnd)
    x$fpl$drnd                               0x08006bdc   Section      180  drnd.o(x$fpl$drnd)
    $v0                                      0x08006c90   Number         0  daddsub_clz.o(x$fpl$drsb)
    x$fpl$drsb                               0x08006c90   Section       22  daddsub_clz.o(x$fpl$drsb)
    $v0                                      0x08006ca8   Number         0  daddsub_clz.o(x$fpl$dsub)
    x$fpl$dsub                               0x08006ca8   Section      476  daddsub_clz.o(x$fpl$dsub)
    _dsub1                                   0x08006cb9   Thumb Code     0  daddsub_clz.o(x$fpl$dsub)
    $v0                                      0x08006e84   Number         0  f2d.o(x$fpl$f2d)
    x$fpl$f2d                                0x08006e84   Section       86  f2d.o(x$fpl$f2d)
    $v0                                      0x08006eda   Number         0  fnaninf.o(x$fpl$fnaninf)
    x$fpl$fnaninf                            0x08006eda   Section      140  fnaninf.o(x$fpl$fnaninf)
    $v0                                      0x08006f66   Number         0  fpinit.o(x$fpl$fpinit)
    x$fpl$fpinit                             0x08006f66   Section       26  fpinit.o(x$fpl$fpinit)
    $v0                                      0x08006f80   Number         0  fretinf.o(x$fpl$fretinf)
    x$fpl$fretinf                            0x08006f80   Section       10  fretinf.o(x$fpl$fretinf)
    x$fpl$usenofp                            0x08006f8a   Section        0  usenofp.o(x$fpl$usenofp)
    C                                        0x08006f90   Data          48  cos_i.o(.constdata)
    .constdata                               0x08006f90   Section       48  cos_i.o(.constdata)
    pio2s                                    0x08006fc0   Data          48  rred.o(.constdata)
    .constdata                               0x08006fc0   Section      204  rred.o(.constdata)
    twooverpi                                0x08006ff0   Data         156  rred.o(.constdata)
    S                                        0x08007090   Data          40  sin_i.o(.constdata)
    .constdata                               0x08007090   Section       40  sin_i.o(.constdata)
    Todd                                     0x080070b8   Data          48  tan_i.o(.constdata)
    .constdata                               0x080070b8   Section       96  tan_i.o(.constdata)
    Teven                                    0x080070e8   Data          48  tan_i.o(.constdata)
    DMA_CalcBaseAndBitshift.flagBitshiftOffset 0x08007130   Data           8  stm32f4xx_hal_dma.o(.rodata.cst8)
    [Anonymous Symbol]                       0x08007130   Section        0  stm32f4xx_hal_dma.o(.rodata.cst8)
    .L_MergedGlobals                         0x20000000   Data          12  main.o(.data..L_MergedGlobals)
    [Anonymous Symbol]                       0x20000000   Section        0  main.o(.data..L_MergedGlobals)
    .L_MergedGlobals                         0x2000000c   Data           8  stm32f4xx_hal.o(.data..L_MergedGlobals)
    [Anonymous Symbol]                       0x2000000c   Section        0  stm32f4xx_hal.o(.data..L_MergedGlobals)
    .bss                                     0x20000018   Section       96  libspace.o(.bss)
    .L_MergedGlobals.1                       0x20000078   Data         124  main.o(.bss..L_MergedGlobals.1)
    [Anonymous Symbol]                       0x20000078   Section        0  main.o(.bss..L_MergedGlobals.1)
    .L_MergedGlobals.2                       0x200000f8   Data         123  main.o(.bss..L_MergedGlobals.2)
    [Anonymous Symbol]                       0x200000f8   Section        0  main.o(.bss..L_MergedGlobals.2)
    .L_MergedGlobals.3                       0x20000174   Data         108  main.o(.bss..L_MergedGlobals.3)
    [Anonymous Symbol]                       0x20000174   Section        0  main.o(.bss..L_MergedGlobals.3)
    .L_MergedGlobals.4                       0x200001e0   Data         108  main.o(.bss..L_MergedGlobals.4)
    [Anonymous Symbol]                       0x200001e0   Section        0  main.o(.bss..L_MergedGlobals.4)
    .L_MergedGlobals.5                       0x2000024c   Data         112  main.o(.bss..L_MergedGlobals.5)
    [Anonymous Symbol]                       0x2000024c   Section        0  main.o(.bss..L_MergedGlobals.5)
    HAL_RCC_CAN1_CLK_ENABLED                 0x2000030c   Data           4  stm32f4xx_hal_msp.o(.bss.HAL_RCC_CAN1_CLK_ENABLED)
    [Anonymous Symbol]                       0x2000030c   Section        0  stm32f4xx_hal_msp.o(.bss.HAL_RCC_CAN1_CLK_ENABLED)
    Heap_Mem                                 0x20000500   Data         512  startup_stm32f446xx.o(HEAP)
    HEAP                                     0x20000500   Section      512  startup_stm32f446xx.o(HEAP)
    Stack_Mem                                0x20000700   Data        1024  startup_stm32f446xx.o(STACK)
    STACK                                    0x20000700   Section     1024  startup_stm32f446xx.o(STACK)
    __initial_sp                             0x20000b00   Data           0  startup_stm32f446xx.o(STACK)

    Global Symbols

    Symbol Name                              Value     Ov Type        Size  Object(Section)

    BuildAttributes$$THM_ISAv4$E$P$D$K$B$S$7EM$VFPi3$EXTD16$VFPS$VFMA$PE$A:L22UL41UL21$X:L11$S22US41US21$IEEE1$IW$~IW$USESV6$~STKCKD$USESV7$~SHL$OTIME$ROPI$IEEEX$EBA8$UX$STANDARDLIB$REQ8$PRES8$EABIv2 0x00000000   Number         0  anon$$obj.o ABSOLUTE
    __ARM_exceptions_init                     - Undefined Weak Reference
    __alloca_initialize                       - Undefined Weak Reference
    __arm_preinit_                            - Undefined Weak Reference
    __cpp_initialize__aeabi_                  - Undefined Weak Reference
    __cxa_finalize                            - Undefined Weak Reference
    __rt_locale                               - Undefined Weak Reference
    __sigvec_lookup                           - Undefined Weak Reference
    _atexit_init                              - Undefined Weak Reference
    _call_atexit_fns                          - Undefined Weak Reference
    _clock_init                               - Undefined Weak Reference
    _fp_trap_init                             - Undefined Weak Reference
    _fp_trap_shutdown                         - Undefined Weak Reference
    _get_lc_collate                           - Undefined Weak Reference
    _get_lc_ctype                             - Undefined Weak Reference
    _get_lc_monetary                          - Undefined Weak Reference
    _get_lc_numeric                           - Undefined Weak Reference
    _get_lc_time                              - Undefined Weak Reference
    _getenv_init                              - Undefined Weak Reference
    _handle_redirection                       - Undefined Weak Reference
    _init_alloc                               - Undefined Weak Reference
    _init_user_alloc                          - Undefined Weak Reference
    _initio                                   - Undefined Weak Reference
    _rand_init                                - Undefined Weak Reference
    _signal_finish                            - Undefined Weak Reference
    _signal_init                              - Undefined Weak Reference
    _terminate_alloc                          - Undefined Weak Reference
    _terminate_user_alloc                     - Undefined Weak Reference
    _terminateio                              - Undefined Weak Reference
    __Vectors_Size                           0x000001c4   Number         0  startup_stm32f446xx.o ABSOLUTE
    __Vectors                                0x08000000   Data           4  startup_stm32f446xx.o(RESET)
    __Vectors_End                            0x080001c4   Data           0  startup_stm32f446xx.o(RESET)
    __main                                   0x080001c5   Thumb Code     8  __main.o(!!!main)
    __scatterload                            0x080001cd   Thumb Code     0  __scatter.o(!!!scatter)
    __scatterload_rt2                        0x080001cd   Thumb Code    44  __scatter.o(!!!scatter)
    __scatterload_rt2_thumb_only             0x080001cd   Thumb Code     0  __scatter.o(!!!scatter)
    __scatterload_null                       0x080001db   Thumb Code     0  __scatter.o(!!!scatter)
    __scatterload_copy                       0x08000201   Thumb Code    26  __scatter_copy.o(!!handler_copy)
    __scatterload_zeroinit                   0x0800021d   Thumb Code    28  __scatter_zi.o(!!handler_zi)
    __rt_lib_init                            0x08000239   Thumb Code     0  libinit.o(.ARM.Collect$$libinit$$00000000)
    __rt_lib_init_fp_1                       0x0800023b   Thumb Code     0  libinit2.o(.ARM.Collect$$libinit$$00000001)
    __rt_lib_init_alloca_1                   0x0800023f   Thumb Code     0  libinit2.o(.ARM.Collect$$libinit$$0000002E)
    __rt_lib_init_argv_1                     0x0800023f   Thumb Code     0  libinit2.o(.ARM.Collect$$libinit$$0000002C)
    __rt_lib_init_atexit_1                   0x0800023f   Thumb Code     0  libinit2.o(.ARM.Collect$$libinit$$0000001B)
    __rt_lib_init_clock_1                    0x0800023f   Thumb Code     0  libinit2.o(.ARM.Collect$$libinit$$00000021)
    __rt_lib_init_cpp_1                      0x0800023f   Thumb Code     0  libinit2.o(.ARM.Collect$$libinit$$00000032)
    __rt_lib_init_exceptions_1               0x0800023f   Thumb Code     0  libinit2.o(.ARM.Collect$$libinit$$00000030)
    __rt_lib_init_fp_trap_1                  0x0800023f   Thumb Code     0  libinit2.o(.ARM.Collect$$libinit$$0000001F)
    __rt_lib_init_getenv_1                   0x0800023f   Thumb Code     0  libinit2.o(.ARM.Collect$$libinit$$00000023)
    __rt_lib_init_heap_1                     0x0800023f   Thumb Code     0  libinit2.o(.ARM.Collect$$libinit$$0000000A)
    __rt_lib_init_lc_collate_1               0x0800023f   Thumb Code     0  libinit2.o(.ARM.Collect$$libinit$$00000011)
    __rt_lib_init_lc_ctype_1                 0x0800023f   Thumb Code     0  libinit2.o(.ARM.Collect$$libinit$$00000013)
    __rt_lib_init_lc_monetary_1              0x0800023f   Thumb Code     0  libinit2.o(.ARM.Collect$$libinit$$00000015)
    __rt_lib_init_lc_numeric_1               0x0800023f   Thumb Code     0  libinit2.o(.ARM.Collect$$libinit$$00000017)
    __rt_lib_init_lc_time_1                  0x0800023f   Thumb Code     0  libinit2.o(.ARM.Collect$$libinit$$00000019)
    __rt_lib_init_preinit_1                  0x0800023f   Thumb Code     0  libinit2.o(.ARM.Collect$$libinit$$00000004)
    __rt_lib_init_rand_1                     0x0800023f   Thumb Code     0  libinit2.o(.ARM.Collect$$libinit$$0000000E)
    __rt_lib_init_return                     0x0800023f   Thumb Code     0  libinit2.o(.ARM.Collect$$libinit$$00000033)
    __rt_lib_init_signal_1                   0x0800023f   Thumb Code     0  libinit2.o(.ARM.Collect$$libinit$$0000001D)
    __rt_lib_init_stdio_1                    0x0800023f   Thumb Code     0  libinit2.o(.ARM.Collect$$libinit$$00000025)
    __rt_lib_init_user_alloc_1               0x0800023f   Thumb Code     0  libinit2.o(.ARM.Collect$$libinit$$0000000C)
    __rt_lib_shutdown                        0x08000241   Thumb Code     0  libshutdown.o(.ARM.Collect$$libshutdown$$00000000)
    __rt_lib_shutdown_cpp_1                  0x08000243   Thumb Code     0  libshutdown2.o(.ARM.Collect$$libshutdown$$00000002)
    __rt_lib_shutdown_fp_trap_1              0x08000243   Thumb Code     0  libshutdown2.o(.ARM.Collect$$libshutdown$$00000007)
    __rt_lib_shutdown_heap_1                 0x08000243   Thumb Code     0  libshutdown2.o(.ARM.Collect$$libshutdown$$0000000F)
    __rt_lib_shutdown_return                 0x08000243   Thumb Code     0  libshutdown2.o(.ARM.Collect$$libshutdown$$00000010)
    __rt_lib_shutdown_signal_1               0x08000243   Thumb Code     0  libshutdown2.o(.ARM.Collect$$libshutdown$$0000000A)
    __rt_lib_shutdown_stdio_1                0x08000243   Thumb Code     0  libshutdown2.o(.ARM.Collect$$libshutdown$$00000004)
    __rt_lib_shutdown_user_alloc_1           0x08000243   Thumb Code     0  libshutdown2.o(.ARM.Collect$$libshutdown$$0000000C)
    __rt_entry                               0x08000245   Thumb Code     0  __rtentry.o(.ARM.Collect$$rtentry$$00000000)
    __rt_entry_presh_1                       0x08000245   Thumb Code     0  __rtentry2.o(.ARM.Collect$$rtentry$$00000002)
    __rt_entry_sh                            0x08000245   Thumb Code     0  __rtentry4.o(.ARM.Collect$$rtentry$$00000004)
    __rt_entry_li                            0x0800024b   Thumb Code     0  __rtentry2.o(.ARM.Collect$$rtentry$$0000000A)
    __rt_entry_postsh_1                      0x0800024b   Thumb Code     0  __rtentry2.o(.ARM.Collect$$rtentry$$00000009)
    __rt_entry_main                          0x0800024f   Thumb Code     0  __rtentry2.o(.ARM.Collect$$rtentry$$0000000D)
    __rt_entry_postli_1                      0x0800024f   Thumb Code     0  __rtentry2.o(.ARM.Collect$$rtentry$$0000000C)
    __rt_exit                                0x08000257   Thumb Code     0  rtexit.o(.ARM.Collect$$rtexit$$00000000)
    __rt_exit_ls                             0x08000259   Thumb Code     0  rtexit2.o(.ARM.Collect$$rtexit$$00000003)
    __rt_exit_prels_1                        0x08000259   Thumb Code     0  rtexit2.o(.ARM.Collect$$rtexit$$00000002)
    __rt_exit_exit                           0x0800025d   Thumb Code     0  rtexit2.o(.ARM.Collect$$rtexit$$00000004)
    Reset_Handler                            0x08000265   Thumb Code     8  startup_stm32f446xx.o(.text)
    ADC_IRQHandler                           0x0800027f   Thumb Code     0  startup_stm32f446xx.o(.text)
    CAN1_SCE_IRQHandler                      0x0800027f   Thumb Code     0  startup_stm32f446xx.o(.text)
    CAN1_TX_IRQHandler                       0x0800027f   Thumb Code     0  startup_stm32f446xx.o(.text)
    CAN2_SCE_IRQHandler                      0x0800027f   Thumb Code     0  startup_stm32f446xx.o(.text)
    CAN2_TX_IRQHandler                       0x0800027f   Thumb Code     0  startup_stm32f446xx.o(.text)
    CEC_IRQHandler                           0x0800027f   Thumb Code     0  startup_stm32f446xx.o(.text)
    DCMI_IRQHandler                          0x0800027f   Thumb Code     0  startup_stm32f446xx.o(.text)
    DMA1_Stream0_IRQHandler                  0x0800027f   Thumb Code     0  startup_stm32f446xx.o(.text)
    DMA1_Stream1_IRQHandler                  0x0800027f   Thumb Code     0  startup_stm32f446xx.o(.text)
    DMA1_Stream2_IRQHandler                  0x0800027f   Thumb Code     0  startup_stm32f446xx.o(.text)
    DMA1_Stream3_IRQHandler                  0x0800027f   Thumb Code     0  startup_stm32f446xx.o(.text)
    DMA1_Stream4_IRQHandler                  0x0800027f   Thumb Code     0  startup_stm32f446xx.o(.text)
    DMA1_Stream5_IRQHandler                  0x0800027f   Thumb Code     0  startup_stm32f446xx.o(.text)
    DMA1_Stream6_IRQHandler                  0x0800027f   Thumb Code     0  startup_stm32f446xx.o(.text)
    DMA2_Stream0_IRQHandler                  0x0800027f   Thumb Code     0  startup_stm32f446xx.o(.text)
    DMA2_Stream1_IRQHandler                  0x0800027f   Thumb Code     0  startup_stm32f446xx.o(.text)
    DMA2_Stream2_IRQHandler                  0x0800027f   Thumb Code     0  startup_stm32f446xx.o(.text)
    DMA2_Stream3_IRQHandler                  0x0800027f   Thumb Code     0  startup_stm32f446xx.o(.text)
    DMA2_Stream4_IRQHandler                  0x0800027f   Thumb Code     0  startup_stm32f446xx.o(.text)
    DMA2_Stream5_IRQHandler                  0x0800027f   Thumb Code     0  startup_stm32f446xx.o(.text)
    DMA2_Stream6_IRQHandler                  0x0800027f   Thumb Code     0  startup_stm32f446xx.o(.text)
    DMA2_Stream7_IRQHandler                  0x0800027f   Thumb Code     0  startup_stm32f446xx.o(.text)
    EXTI0_IRQHandler                         0x0800027f   Thumb Code     0  startup_stm32f446xx.o(.text)
    EXTI15_10_IRQHandler                     0x0800027f   Thumb Code     0  startup_stm32f446xx.o(.text)
    EXTI1_IRQHandler                         0x0800027f   Thumb Code     0  startup_stm32f446xx.o(.text)
    EXTI2_IRQHandler                         0x0800027f   Thumb Code     0  startup_stm32f446xx.o(.text)
    EXTI3_IRQHandler                         0x0800027f   Thumb Code     0  startup_stm32f446xx.o(.text)
    EXTI4_IRQHandler                         0x0800027f   Thumb Code     0  startup_stm32f446xx.o(.text)
    EXTI9_5_IRQHandler                       0x0800027f   Thumb Code     0  startup_stm32f446xx.o(.text)
    FLASH_IRQHandler                         0x0800027f   Thumb Code     0  startup_stm32f446xx.o(.text)
    FMC_IRQHandler                           0x0800027f   Thumb Code     0  startup_stm32f446xx.o(.text)
    FMPI2C1_ER_IRQHandler                    0x0800027f   Thumb Code     0  startup_stm32f446xx.o(.text)
    FMPI2C1_EV_IRQHandler                    0x0800027f   Thumb Code     0  startup_stm32f446xx.o(.text)
    FPU_IRQHandler                           0x0800027f   Thumb Code     0  startup_stm32f446xx.o(.text)
    I2C2_ER_IRQHandler                       0x0800027f   Thumb Code     0  startup_stm32f446xx.o(.text)
    I2C2_EV_IRQHandler                       0x0800027f   Thumb Code     0  startup_stm32f446xx.o(.text)
    I2C3_ER_IRQHandler                       0x0800027f   Thumb Code     0  startup_stm32f446xx.o(.text)
    I2C3_EV_IRQHandler                       0x0800027f   Thumb Code     0  startup_stm32f446xx.o(.text)
    OTG_FS_IRQHandler                        0x0800027f   Thumb Code     0  startup_stm32f446xx.o(.text)
    OTG_FS_WKUP_IRQHandler                   0x0800027f   Thumb Code     0  startup_stm32f446xx.o(.text)
    OTG_HS_EP1_IN_IRQHandler                 0x0800027f   Thumb Code     0  startup_stm32f446xx.o(.text)
    OTG_HS_EP1_OUT_IRQHandler                0x0800027f   Thumb Code     0  startup_stm32f446xx.o(.text)
    OTG_HS_IRQHandler                        0x0800027f   Thumb Code     0  startup_stm32f446xx.o(.text)
    OTG_HS_WKUP_IRQHandler                   0x0800027f   Thumb Code     0  startup_stm32f446xx.o(.text)
    PVD_IRQHandler                           0x0800027f   Thumb Code     0  startup_stm32f446xx.o(.text)
    QUADSPI_IRQHandler                       0x0800027f   Thumb Code     0  startup_stm32f446xx.o(.text)
    RCC_IRQHandler                           0x0800027f   Thumb Code     0  startup_stm32f446xx.o(.text)
    RTC_Alarm_IRQHandler                     0x0800027f   Thumb Code     0  startup_stm32f446xx.o(.text)
    RTC_WKUP_IRQHandler                      0x0800027f   Thumb Code     0  startup_stm32f446xx.o(.text)
    SAI1_IRQHandler                          0x0800027f   Thumb Code     0  startup_stm32f446xx.o(.text)
    SAI2_IRQHandler                          0x0800027f   Thumb Code     0  startup_stm32f446xx.o(.text)
    SDIO_IRQHandler                          0x0800027f   Thumb Code     0  startup_stm32f446xx.o(.text)
    SPDIF_RX_IRQHandler                      0x0800027f   Thumb Code     0  startup_stm32f446xx.o(.text)
    SPI1_IRQHandler                          0x0800027f   Thumb Code     0  startup_stm32f446xx.o(.text)
    SPI2_IRQHandler                          0x0800027f   Thumb Code     0  startup_stm32f446xx.o(.text)
    SPI3_IRQHandler                          0x0800027f   Thumb Code     0  startup_stm32f446xx.o(.text)
    SPI4_IRQHandler                          0x0800027f   Thumb Code     0  startup_stm32f446xx.o(.text)
    TAMP_STAMP_IRQHandler                    0x0800027f   Thumb Code     0  startup_stm32f446xx.o(.text)
    TIM1_BRK_TIM9_IRQHandler                 0x0800027f   Thumb Code     0  startup_stm32f446xx.o(.text)
    TIM1_CC_IRQHandler                       0x0800027f   Thumb Code     0  startup_stm32f446xx.o(.text)
    TIM1_TRG_COM_TIM11_IRQHandler            0x0800027f   Thumb Code     0  startup_stm32f446xx.o(.text)
    TIM1_UP_TIM10_IRQHandler                 0x0800027f   Thumb Code     0  startup_stm32f446xx.o(.text)
    TIM2_IRQHandler                          0x0800027f   Thumb Code     0  startup_stm32f446xx.o(.text)
    TIM3_IRQHandler                          0x0800027f   Thumb Code     0  startup_stm32f446xx.o(.text)
    TIM4_IRQHandler                          0x0800027f   Thumb Code     0  startup_stm32f446xx.o(.text)
    TIM5_IRQHandler                          0x0800027f   Thumb Code     0  startup_stm32f446xx.o(.text)
    TIM6_DAC_IRQHandler                      0x0800027f   Thumb Code     0  startup_stm32f446xx.o(.text)
    TIM7_IRQHandler                          0x0800027f   Thumb Code     0  startup_stm32f446xx.o(.text)
    TIM8_BRK_TIM12_IRQHandler                0x0800027f   Thumb Code     0  startup_stm32f446xx.o(.text)
    TIM8_CC_IRQHandler                       0x0800027f   Thumb Code     0  startup_stm32f446xx.o(.text)
    TIM8_UP_TIM13_IRQHandler                 0x0800027f   Thumb Code     0  startup_stm32f446xx.o(.text)
    USART1_IRQHandler                        0x0800027f   Thumb Code     0  startup_stm32f446xx.o(.text)
    USART2_IRQHandler                        0x0800027f   Thumb Code     0  startup_stm32f446xx.o(.text)
    USART3_IRQHandler                        0x0800027f   Thumb Code     0  startup_stm32f446xx.o(.text)
    USART6_IRQHandler                        0x0800027f   Thumb Code     0  startup_stm32f446xx.o(.text)
    WWDG_IRQHandler                          0x0800027f   Thumb Code     0  startup_stm32f446xx.o(.text)
    __user_initial_stackheap                 0x08000281   Thumb Code     0  startup_stm32f446xx.o(.text)
    __aeabi_uldivmod                         0x080002a5   Thumb Code     0  lludivv7m.o(.text)
    _ll_udiv                                 0x080002a5   Thumb Code   240  lludivv7m.o(.text)
    __use_two_region_memory                  0x08000395   Thumb Code     2  heapauxi.o(.text)
    __rt_heap_escrow$2region                 0x08000397   Thumb Code     2  heapauxi.o(.text)
    __rt_heap_expand$2region                 0x08000399   Thumb Code     2  heapauxi.o(.text)
    __read_errno                             0x0800039b   Thumb Code    10  _rserrno.o(.text)
    __set_errno                              0x080003a5   Thumb Code    12  _rserrno.o(.text)
    __aeabi_errno_addr                       0x080003b1   Thumb Code     8  rt_errno_addr_intlibspace.o(.text)
    __errno$intlibspace                      0x080003b1   Thumb Code     0  rt_errno_addr_intlibspace.o(.text)
    __rt_errno_addr$intlibspace              0x080003b1   Thumb Code     0  rt_errno_addr_intlibspace.o(.text)
    __user_libspace                          0x080003b9   Thumb Code     8  libspace.o(.text)
    __user_perproc_libspace                  0x080003b9   Thumb Code     0  libspace.o(.text)
    __user_perthread_libspace                0x080003b9   Thumb Code     0  libspace.o(.text)
    __user_setup_stackheap                   0x080003c1   Thumb Code    74  sys_stackheap_outer.o(.text)
    exit                                     0x0800040b   Thumb Code    18  exit.o(.text)
    _sys_exit                                0x0800041d   Thumb Code     8  sys_exit.o(.text)
    __I$use$semihosting                      0x08000429   Thumb Code     0  use_no_semi.o(.text)
    __use_no_semihosting_swi                 0x08000429   Thumb Code     2  use_no_semi.o(.text)
    __semihosting_library_function           0x0800042b   Thumb Code     0  indicate_semi.o(.text)
    BusFault_Handler                         0x0800042d   Thumb Code     2  stm32f4xx_it.o(.text.BusFault_Handler)
    CAN1_RX0_IRQHandler                      0x08000431   Thumb Code    12  stm32f4xx_it.o(.text.CAN1_RX0_IRQHandler)
    CAN1_RX1_IRQHandler                      0x0800043d   Thumb Code    12  stm32f4xx_it.o(.text.CAN1_RX1_IRQHandler)
    CAN2_RX0_IRQHandler                      0x08000449   Thumb Code    12  stm32f4xx_it.o(.text.CAN2_RX0_IRQHandler)
    CAN2_RX1_IRQHandler                      0x08000455   Thumb Code    12  stm32f4xx_it.o(.text.CAN2_RX1_IRQHandler)
    DMA1_Stream7_IRQHandler                  0x08000461   Thumb Code    12  stm32f4xx_it.o(.text.DMA1_Stream7_IRQHandler)
    DebugMon_Handler                         0x0800046d   Thumb Code     2  stm32f4xx_it.o(.text.DebugMon_Handler)
    Drives_Error_Check                       0x08000471   Thumb Code   112  main.o(.text.Drives_Error_Check)
    EEPROM_Read                              0x080004e1   Thumb Code   144  eeprom.o(.text.EEPROM_Read)
    Error_Handler                            0x08000571   Thumb Code     6  main.o(.text.Error_Handler)
    HAL_CAN_ActivateNotification             0x08000579   Thumb Code    46  stm32f4xx_hal_can.o(.text.HAL_CAN_ActivateNotification)
    HAL_CAN_AddTxMessage                     0x080005a9   Thumb Code   164  stm32f4xx_hal_can.o(.text.HAL_CAN_AddTxMessage)
    HAL_CAN_ConfigFilter                     0x0800064d   Thumb Code   222  stm32f4xx_hal_can.o(.text.HAL_CAN_ConfigFilter)
    HAL_CAN_ErrorCallback                    0x0800072d   Thumb Code     2  stm32f4xx_hal_can.o(.text.HAL_CAN_ErrorCallback)
    HAL_CAN_GetRxMessage                     0x08000731   Thumb Code   308  stm32f4xx_hal_can.o(.text.HAL_CAN_GetRxMessage)
    HAL_CAN_IRQHandler                       0x08000865   Thumb Code   606  stm32f4xx_hal_can.o(.text.HAL_CAN_IRQHandler)
    HAL_CAN_Init                             0x08000ac5   Thumb Code   244  stm32f4xx_hal_can.o(.text.HAL_CAN_Init)
    HAL_CAN_MspInit                          0x08000bb9   Thumb Code   308  stm32f4xx_hal_msp.o(.text.HAL_CAN_MspInit)
    HAL_CAN_RxFifo0FullCallback              0x08000ced   Thumb Code     2  stm32f4xx_hal_can.o(.text.HAL_CAN_RxFifo0FullCallback)
    HAL_CAN_RxFifo0MsgPendingCallback        0x08000cf1   Thumb Code     2  stm32f4xx_hal_can.o(.text.HAL_CAN_RxFifo0MsgPendingCallback)
    HAL_CAN_RxFifo1FullCallback              0x08000cf5   Thumb Code     2  stm32f4xx_hal_can.o(.text.HAL_CAN_RxFifo1FullCallback)
    HAL_CAN_RxFifo1MsgPendingCallback        0x08000cf9   Thumb Code   274  main.o(.text.HAL_CAN_RxFifo1MsgPendingCallback)
    HAL_CAN_SleepCallback                    0x08000e0d   Thumb Code     2  stm32f4xx_hal_can.o(.text.HAL_CAN_SleepCallback)
    HAL_CAN_Start                            0x08000e11   Thumb Code    90  stm32f4xx_hal_can.o(.text.HAL_CAN_Start)
    HAL_CAN_TxMailbox0AbortCallback          0x08000e6d   Thumb Code     2  stm32f4xx_hal_can.o(.text.HAL_CAN_TxMailbox0AbortCallback)
    HAL_CAN_TxMailbox0CompleteCallback       0x08000e71   Thumb Code     2  stm32f4xx_hal_can.o(.text.HAL_CAN_TxMailbox0CompleteCallback)
    HAL_CAN_TxMailbox1AbortCallback          0x08000e75   Thumb Code     2  stm32f4xx_hal_can.o(.text.HAL_CAN_TxMailbox1AbortCallback)
    HAL_CAN_TxMailbox1CompleteCallback       0x08000e79   Thumb Code     2  stm32f4xx_hal_can.o(.text.HAL_CAN_TxMailbox1CompleteCallback)
    HAL_CAN_TxMailbox2AbortCallback          0x08000e7d   Thumb Code     2  stm32f4xx_hal_can.o(.text.HAL_CAN_TxMailbox2AbortCallback)
    HAL_CAN_TxMailbox2CompleteCallback       0x08000e81   Thumb Code     2  stm32f4xx_hal_can.o(.text.HAL_CAN_TxMailbox2CompleteCallback)
    HAL_CAN_WakeUpFromRxMsgCallback          0x08000e85   Thumb Code     2  stm32f4xx_hal_can.o(.text.HAL_CAN_WakeUpFromRxMsgCallback)
    HAL_DMA_Abort                            0x08000e89   Thumb Code   146  stm32f4xx_hal_dma.o(.text.HAL_DMA_Abort)
    HAL_DMA_Abort_IT                         0x08000f1d   Thumb Code    36  stm32f4xx_hal_dma.o(.text.HAL_DMA_Abort_IT)
    HAL_DMA_GetState                         0x08000f41   Thumb Code     6  stm32f4xx_hal_dma.o(.text.HAL_DMA_GetState)
    HAL_DMA_IRQHandler                       0x08000f49   Thumb Code   448  stm32f4xx_hal_dma.o(.text.HAL_DMA_IRQHandler)
    HAL_DMA_Init                             0x08001109   Thumb Code   354  stm32f4xx_hal_dma.o(.text.HAL_DMA_Init)
    HAL_Delay                                0x0800126d   Thumb Code    40  stm32f4xx_hal.o(.text.HAL_Delay)
    HAL_GPIO_Init                            0x08001295   Thumb Code   442  stm32f4xx_hal_gpio.o(.text.HAL_GPIO_Init)
    HAL_GPIO_WritePin                        0x08001451   Thumb Code    10  stm32f4xx_hal_gpio.o(.text.HAL_GPIO_WritePin)
    HAL_GetTick                              0x0800145d   Thumb Code    12  stm32f4xx_hal.o(.text.HAL_GetTick)
    HAL_I2C_AbortCpltCallback                0x08001469   Thumb Code     2  stm32f4xx_hal_i2c.o(.text.HAL_I2C_AbortCpltCallback)
    HAL_I2C_AddrCallback                     0x0800146d   Thumb Code     2  stm32f4xx_hal_i2c.o(.text.HAL_I2C_AddrCallback)
    HAL_I2C_ER_IRQHandler                    0x08001471   Thumb Code   328  stm32f4xx_hal_i2c.o(.text.HAL_I2C_ER_IRQHandler)
    HAL_I2C_EV_IRQHandler                    0x080015b9   Thumb Code  2548  stm32f4xx_hal_i2c.o(.text.HAL_I2C_EV_IRQHandler)
    HAL_I2C_ErrorCallback                    0x08001fad   Thumb Code     2  stm32f4xx_hal_i2c.o(.text.HAL_I2C_ErrorCallback)
    HAL_I2C_Init                             0x08001fb1   Thumb Code   374  stm32f4xx_hal_i2c.o(.text.HAL_I2C_Init)
    HAL_I2C_ListenCpltCallback               0x08002129   Thumb Code     2  stm32f4xx_hal_i2c.o(.text.HAL_I2C_ListenCpltCallback)
    HAL_I2C_MasterRxCpltCallback             0x0800212d   Thumb Code     2  stm32f4xx_hal_i2c.o(.text.HAL_I2C_MasterRxCpltCallback)
    HAL_I2C_MasterTxCpltCallback             0x08002131   Thumb Code     2  stm32f4xx_hal_i2c.o(.text.HAL_I2C_MasterTxCpltCallback)
    HAL_I2C_MemRxCpltCallback                0x08002135   Thumb Code     2  stm32f4xx_hal_i2c.o(.text.HAL_I2C_MemRxCpltCallback)
    HAL_I2C_MemTxCpltCallback                0x08002139   Thumb Code     2  stm32f4xx_hal_i2c.o(.text.HAL_I2C_MemTxCpltCallback)
    HAL_I2C_Mem_Read                         0x0800213d   Thumb Code   870  stm32f4xx_hal_i2c.o(.text.HAL_I2C_Mem_Read)
    HAL_I2C_MspInit                          0x080024a5   Thumb Code   138  stm32f4xx_hal_msp.o(.text.HAL_I2C_MspInit)
    HAL_I2C_SlaveRxCpltCallback              0x08002531   Thumb Code     2  stm32f4xx_hal_i2c.o(.text.HAL_I2C_SlaveRxCpltCallback)
    HAL_I2C_SlaveTxCpltCallback              0x08002535   Thumb Code     2  stm32f4xx_hal_i2c.o(.text.HAL_I2C_SlaveTxCpltCallback)
    HAL_IncTick                              0x08002539   Thumb Code    26  stm32f4xx_hal.o(.text.HAL_IncTick)
    HAL_Init                                 0x08002555   Thumb Code    54  stm32f4xx_hal.o(.text.HAL_Init)
    HAL_InitTick                             0x0800258d   Thumb Code    72  stm32f4xx_hal.o(.text.HAL_InitTick)
    HAL_MspInit                              0x080025d5   Thumb Code    56  stm32f4xx_hal_msp.o(.text.HAL_MspInit)
    HAL_NVIC_EnableIRQ                       0x0800260d   Thumb Code    32  stm32f4xx_hal_cortex.o(.text.HAL_NVIC_EnableIRQ)
    HAL_NVIC_SetPriority                     0x0800262d   Thumb Code    86  stm32f4xx_hal_cortex.o(.text.HAL_NVIC_SetPriority)
    HAL_NVIC_SetPriorityGrouping             0x08002685   Thumb Code    32  stm32f4xx_hal_cortex.o(.text.HAL_NVIC_SetPriorityGrouping)
    HAL_PWREx_EnableOverDrive                0x080026a5   Thumb Code   122  stm32f4xx_hal_pwr_ex.o(.text.HAL_PWREx_EnableOverDrive)
    HAL_RCC_ClockConfig                      0x08002721   Thumb Code   352  stm32f4xx_hal_rcc.o(.text.HAL_RCC_ClockConfig)
    HAL_RCC_GetPCLK1Freq                     0x08002881   Thumb Code    38  stm32f4xx_hal_rcc.o(.text.HAL_RCC_GetPCLK1Freq)
    HAL_RCC_GetPCLK2Freq                     0x080028a9   Thumb Code    38  stm32f4xx_hal_rcc.o(.text.HAL_RCC_GetPCLK2Freq)
    HAL_RCC_GetSysClockFreq                  0x080028d1   Thumb Code   166  stm32f4xx_hal_rcc_ex.o(.text.HAL_RCC_GetSysClockFreq)
    HAL_RCC_OscConfig                        0x08002979   Thumb Code   938  stm32f4xx_hal_rcc_ex.o(.text.HAL_RCC_OscConfig)
    HAL_SPI_Init                             0x08002d25   Thumb Code   198  stm32f4xx_hal_spi.o(.text.HAL_SPI_Init)
    HAL_SPI_MspInit                          0x08002ded   Thumb Code   106  stm32f4xx_hal_msp.o(.text.HAL_SPI_MspInit)
    HAL_SYSTICK_Config                       0x08002e59   Thumb Code    44  stm32f4xx_hal_cortex.o(.text.HAL_SYSTICK_Config)
    HAL_TIMEx_BreakCallback                  0x08002e85   Thumb Code     2  stm32f4xx_hal_tim_ex.o(.text.HAL_TIMEx_BreakCallback)
    HAL_TIMEx_CommutCallback                 0x08002e89   Thumb Code     2  stm32f4xx_hal_tim_ex.o(.text.HAL_TIMEx_CommutCallback)
    HAL_TIM_Base_Init                        0x08002e8d   Thumb Code    90  stm32f4xx_hal_tim.o(.text.HAL_TIM_Base_Init)
    HAL_TIM_Base_MspInit                     0x08002ee9   Thumb Code    74  stm32f4xx_hal_msp.o(.text.HAL_TIM_Base_MspInit)
    HAL_TIM_IC_CaptureCallback               0x08002f35   Thumb Code     2  stm32f4xx_hal_tim.o(.text.HAL_TIM_IC_CaptureCallback)
    HAL_TIM_IRQHandler                       0x08002f39   Thumb Code   316  stm32f4xx_hal_tim.o(.text.HAL_TIM_IRQHandler)
    HAL_TIM_OC_DelayElapsedCallback          0x08003075   Thumb Code     2  stm32f4xx_hal_tim.o(.text.HAL_TIM_OC_DelayElapsedCallback)
    HAL_TIM_PWM_PulseFinishedCallback        0x08003079   Thumb Code     2  stm32f4xx_hal_tim.o(.text.HAL_TIM_PWM_PulseFinishedCallback)
    HAL_TIM_PeriodElapsedCallback            0x0800307d   Thumb Code     2  stm32f4xx_hal_tim.o(.text.HAL_TIM_PeriodElapsedCallback)
    HAL_TIM_TriggerCallback                  0x08003081   Thumb Code     2  stm32f4xx_hal_tim.o(.text.HAL_TIM_TriggerCallback)
    HAL_UARTEx_RxEventCallback               0x08003085   Thumb Code     2  stm32f4xx_hal_uart.o(.text.HAL_UARTEx_RxEventCallback)
    HAL_UART_ErrorCallback                   0x08003089   Thumb Code     2  stm32f4xx_hal_uart.o(.text.HAL_UART_ErrorCallback)
    HAL_UART_IRQHandler                      0x0800308d   Thumb Code  1406  stm32f4xx_hal_uart.o(.text.HAL_UART_IRQHandler)
    HAL_UART_Init                            0x0800360d   Thumb Code    96  stm32f4xx_hal_uart.o(.text.HAL_UART_Init)
    HAL_UART_MspInit                         0x0800366d   Thumb Code   354  stm32f4xx_hal_msp.o(.text.HAL_UART_MspInit)
    HAL_UART_Receive_IT                      0x080037d1   Thumb Code    82  stm32f4xx_hal_uart.o(.text.HAL_UART_Receive_IT)
    HAL_UART_RxCpltCallback                  0x08003825   Thumb Code    44  main.o(.text.HAL_UART_RxCpltCallback)
    HAL_UART_TxCpltCallback                  0x08003851   Thumb Code     2  stm32f4xx_hal_uart.o(.text.HAL_UART_TxCpltCallback)
    HardFault_Handler                        0x08003855   Thumb Code     2  stm32f4xx_it.o(.text.HardFault_Handler)
    Heal_Error                               0x08003859   Thumb Code   214  main.o(.text.Heal_Error)
    I2C1_ER_IRQHandler                       0x08003931   Thumb Code    12  stm32f4xx_it.o(.text.I2C1_ER_IRQHandler)
    I2C1_EV_IRQHandler                       0x0800393d   Thumb Code    12  stm32f4xx_it.o(.text.I2C1_EV_IRQHandler)
    Macro_Controls                           0x080040b9   Thumb Code   436  main.o(.text.Macro_Controls)
    MemManage_Handler                        0x0800426d   Thumb Code     2  stm32f4xx_it.o(.text.MemManage_Handler)
    NMI_Handler                              0x08004271   Thumb Code     2  stm32f4xx_it.o(.text.NMI_Handler)
    PendSV_Handler                           0x08004275   Thumb Code     2  stm32f4xx_it.o(.text.PendSV_Handler)
    SVC_Handler                              0x08004279   Thumb Code     2  stm32f4xx_it.o(.text.SVC_Handler)
    Set_Motor_Torque                         0x0800427d   Thumb Code   172  main.o(.text.Set_Motor_Torque)
    Steering_Controls                        0x08004329   Thumb Code  1340  main.o(.text.Steering_Controls)
    Stop_Motors                              0x08004865   Thumb Code   860  main.o(.text.Stop_Motors)
    SysTick_Handler                          0x08004bc1   Thumb Code     4  stm32f4xx_it.o(.text.SysTick_Handler)
    SystemClock_Config                       0x08004bc5   Thumb Code   184  main.o(.text.SystemClock_Config)
    SystemInit                               0x08004c7d   Thumb Code    18  system_stm32f4xx.o(.text.SystemInit)
    TIM8_TRG_COM_TIM14_IRQHandler            0x08004c91   Thumb Code    12  stm32f4xx_it.o(.text.TIM8_TRG_COM_TIM14_IRQHandler)
    TIM_Base_SetConfig                       0x08004c9d   Thumb Code   332  stm32f4xx_hal_tim.o(.text.TIM_Base_SetConfig)
    Transmit_Velocity_Limit                  0x08004de9   Thumb Code   206  main.o(.text.Transmit_Velocity_Limit)
    UART4_IRQHandler                         0x08004eb9   Thumb Code    12  stm32f4xx_it.o(.text.UART4_IRQHandler)
    UART5_IRQHandler                         0x08004ec5   Thumb Code    12  stm32f4xx_it.o(.text.UART5_IRQHandler)
    UsageFault_Handler                       0x080050c5   Thumb Code     2  stm32f4xx_it.o(.text.UsageFault_Handler)
    Wheel_Controls                           0x080050c9   Thumb Code   268  main.o(.text.Wheel_Controls)
    main                                     0x080051d5   Thumb Code  1008  main.o(.text.main)
    __ARM_fpclassify                         0x080055c5   Thumb Code    48  fpclassify.o(i.__ARM_fpclassify)
    __hardfp_round                           0x080055f9   Thumb Code   194  round.o(i.__hardfp_round)
    __hardfp_sin                             0x080056d9   Thumb Code   180  sin.o(i.__hardfp_sin)
    __hardfp_tan                             0x080057a1   Thumb Code   108  tan.o(i.__hardfp_tan)
    __ieee754_rem_pio2                       0x08005821   Thumb Code   938  rred.o(i.__ieee754_rem_pio2)
    __kernel_cos                             0x08005c59   Thumb Code   322  cos_i.o(i.__kernel_cos)
    __kernel_poly                            0x08005dc9   Thumb Code   248  poly.o(i.__kernel_poly)
    __kernel_sin                             0x08005ec1   Thumb Code   280  sin_i.o(i.__kernel_sin)
    __kernel_tan                             0x08005ff1   Thumb Code   764  tan_i.o(i.__kernel_tan)
    __mathlib_dbl_infnan                     0x08006341   Thumb Code    20  dunder.o(i.__mathlib_dbl_infnan)
    __mathlib_dbl_invalid                    0x08006359   Thumb Code    24  dunder.o(i.__mathlib_dbl_invalid)
    __mathlib_dbl_underflow                  0x08006379   Thumb Code    24  dunder.o(i.__mathlib_dbl_underflow)
    fabs                                     0x08006399   Thumb Code    24  fabs.o(i.fabs)
    __aeabi_dneg                             0x080063b1   Thumb Code     0  basic.o(x$fpl$basic)
    _dneg                                    0x080063b1   Thumb Code     6  basic.o(x$fpl$basic)
    __aeabi_fneg                             0x080063b7   Thumb Code     0  basic.o(x$fpl$basic)
    _fneg                                    0x080063b7   Thumb Code     6  basic.o(x$fpl$basic)
    _dabs                                    0x080063bd   Thumb Code     6  basic.o(x$fpl$basic)
    _fabs                                    0x080063c3   Thumb Code     6  basic.o(x$fpl$basic)
    __aeabi_d2f                              0x080063c9   Thumb Code     0  d2f.o(x$fpl$d2f)
    _d2f                                     0x080063c9   Thumb Code    98  d2f.o(x$fpl$d2f)
    __aeabi_dadd                             0x0800642d   Thumb Code     0  daddsub_clz.o(x$fpl$dadd)
    _dadd                                    0x0800642d   Thumb Code   332  daddsub_clz.o(x$fpl$dadd)
    __fpl_dcmp_Inf                           0x0800657d   Thumb Code    24  dcmpi.o(x$fpl$dcmpinf)
    __aeabi_ddiv                             0x08006595   Thumb Code     0  ddiv.o(x$fpl$ddiv)
    _ddiv                                    0x08006595   Thumb Code   556  ddiv.o(x$fpl$ddiv)
    __aeabi_d2iz                             0x08006849   Thumb Code     0  dfix.o(x$fpl$dfix)
    _dfix                                    0x08006849   Thumb Code    94  dfix.o(x$fpl$dfix)
    __aeabi_i2d                              0x080068a7   Thumb Code     0  dflt_clz.o(x$fpl$dflt)
    _dflt                                    0x080068a7   Thumb Code    46  dflt_clz.o(x$fpl$dflt)
    __aeabi_ui2d                             0x080068d5   Thumb Code     0  dflt_clz.o(x$fpl$dfltu)
    _dfltu                                   0x080068d5   Thumb Code    38  dflt_clz.o(x$fpl$dfltu)
    __aeabi_cdcmple                          0x080068fd   Thumb Code     0  dleqf.o(x$fpl$dleqf)
    _dcmple                                  0x080068fd   Thumb Code   120  dleqf.o(x$fpl$dleqf)
    __fpl_dcmple_InfNaN                      0x0800695f   Thumb Code     0  dleqf.o(x$fpl$dleqf)
    __aeabi_dmul                             0x08006975   Thumb Code     0  dmul.o(x$fpl$dmul)
    _dmul                                    0x08006975   Thumb Code   332  dmul.o(x$fpl$dmul)
    __fpl_dnaninf                            0x08006ac9   Thumb Code   156  dnaninf.o(x$fpl$dnaninf)
    __fpl_dretinf                            0x08006b65   Thumb Code    12  dretinf.o(x$fpl$dretinf)
    __aeabi_cdrcmple                         0x08006b71   Thumb Code     0  drleqf.o(x$fpl$drleqf)
    _drcmple                                 0x08006b71   Thumb Code   108  drleqf.o(x$fpl$drleqf)
    _drnd                                    0x08006bdd   Thumb Code   180  drnd.o(x$fpl$drnd)
    __aeabi_drsub                            0x08006c91   Thumb Code     0  daddsub_clz.o(x$fpl$drsb)
    _drsb                                    0x08006c91   Thumb Code    22  daddsub_clz.o(x$fpl$drsb)
    __aeabi_dsub                             0x08006ca9   Thumb Code     0  daddsub_clz.o(x$fpl$dsub)
    _dsub                                    0x08006ca9   Thumb Code   472  daddsub_clz.o(x$fpl$dsub)
    __aeabi_f2d                              0x08006e85   Thumb Code     0  f2d.o(x$fpl$f2d)
    _f2d                                     0x08006e85   Thumb Code    86  f2d.o(x$fpl$f2d)
    __fpl_fnaninf                            0x08006edb   Thumb Code   140  fnaninf.o(x$fpl$fnaninf)
    _fp_init                                 0x08006f67   Thumb Code    26  fpinit.o(x$fpl$fpinit)
    __fplib_config_fpu_vfp                   0x08006f7f   Thumb Code     0  fpinit.o(x$fpl$fpinit)
    __fplib_config_pureend_doubles           0x08006f7f   Thumb Code     0  fpinit.o(x$fpl$fpinit)
    __fpl_fretinf                            0x08006f81   Thumb Code    10  fretinf.o(x$fpl$fretinf)
    __I$use$fp                               0x08006f8a   Number         0  usenofp.o(x$fpl$usenofp)
    AHBPrescTable                            0x08007118   Data          16  system_stm32f4xx.o(.rodata.AHBPrescTable)
    APBPrescTable                            0x08007128   Data           8  system_stm32f4xx.o(.rodata.APBPrescTable)
    Region$$Table$$Base                      0x08007138   Number         0  anon$$obj.o(Region$$Table)
    Region$$Table$$Limit                     0x08007158   Number         0  anon$$obj.o(Region$$Table)
    Mode                                     0x20000000   Data           1  main.o(.data..L_MergedGlobals)
    Speed                                    0x20000001   Data           1  main.o(.data..L_MergedGlobals)
    Steering_Mode                            0x20000002   Data           1  main.o(.data..L_MergedGlobals)
    Pot_Angle                                0x20000003   Data           1  main.o(.data..L_MergedGlobals)
    Wheel_Torque                             0x20000004   Data           4  main.o(.data..L_MergedGlobals)
    Vel_Limit                                0x20000008   Data           4  main.o(.data..L_MergedGlobals)
    uwTickFreq                               0x2000000c   Data           1  stm32f4xx_hal.o(.data..L_MergedGlobals)
    uwTickPrio                               0x20000010   Data           4  stm32f4xx_hal.o(.data..L_MergedGlobals)
    SystemCoreClock                          0x20000014   Data           4  system_stm32f4xx.o(.data.SystemCoreClock)
    __libspace_start                         0x20000018   Data          96  libspace.o(.bss)
    Received_Node_Id                         0x20000078   Data           1  main.o(.bss..L_MergedGlobals.1)
    __temporary_stack_top$libspace           0x20000078   Data           0  libspace.o(.bss)
    Received_Command_Id                      0x20000079   Data           1  main.o(.bss..L_MergedGlobals.1)
    Joystick                                 0x2000007a   Data           1  main.o(.bss..L_MergedGlobals.1)
    Shearing                                 0x2000007b   Data           1  main.o(.bss..L_MergedGlobals.1)
    Joystick_Temp                            0x2000007c   Data           1  main.o(.bss..L_MergedGlobals.1)
    DRIVES_ERROR_FLAG                        0x2000007d   Data           1  main.o(.bss..L_MergedGlobals.1)
    Buzzer_Acivated                          0x2000007e   Data           1  main.o(.bss..L_MergedGlobals.1)
    Store_Data                               0x2000007f   Data           1  main.o(.bss..L_MergedGlobals.1)
    node_id_BLE                              0x20000080   Data           1  main.o(.bss..L_MergedGlobals.1)
    command_id_BLE                           0x20000081   Data           1  main.o(.bss..L_MergedGlobals.1)
    BT_Count                                 0x20000082   Data           2  main.o(.bss..L_MergedGlobals.1)
    Left_IMU_Node                            0x20000084   Data           2  main.o(.bss..L_MergedGlobals.1)
    Left_Encoder_Node                        0x20000086   Data           2  main.o(.bss..L_MergedGlobals.1)
    Right_Encoder_Node                       0x20000088   Data           2  main.o(.bss..L_MergedGlobals.1)
    CAN_Count                                0x2000008c   Data           4  main.o(.bss..L_MergedGlobals.1)
    Macro_Speed                              0x20000090   Data           4  main.o(.bss..L_MergedGlobals.1)
    Macro_Speed_Temp                         0x20000094   Data           4  main.o(.bss..L_MergedGlobals.1)
    Torque                                   0x20000098   Data           4  main.o(.bss..L_MergedGlobals.1)
    Torque_Temp                              0x2000009c   Data           4  main.o(.bss..L_MergedGlobals.1)
    Left_Encoder                             0x200000a0   Data           4  main.o(.bss..L_MergedGlobals.1)
    Right_Encoder                            0x200000a4   Data           4  main.o(.bss..L_MergedGlobals.1)
    Right_Turn_Radius                        0x200000a8   Data           4  main.o(.bss..L_MergedGlobals.1)
    Chord_Dist                               0x200000ac   Data           4  main.o(.bss..L_MergedGlobals.1)
    Turning_Radius                           0x200000b0   Data           4  main.o(.bss..L_MergedGlobals.1)
    Right_Motor_Position                     0x200000b4   Data           4  main.o(.bss..L_MergedGlobals.1)
    Right_Front_Steer_Pos                    0x200000b8   Data           4  main.o(.bss..L_MergedGlobals.1)
    Right_Rear_Steer_Pos                     0x200000bc   Data           4  main.o(.bss..L_MergedGlobals.1)
    Right_Front_Steer_Pos_Temp               0x200000c0   Data           4  main.o(.bss..L_MergedGlobals.1)
    Right_Rear_Steer_Pos_Temp                0x200000c4   Data           4  main.o(.bss..L_MergedGlobals.1)
    Left_Steering_Speed                      0x200000c8   Data           4  main.o(.bss..L_MergedGlobals.1)
    Right_Steering_Speed                     0x200000cc   Data           4  main.o(.bss..L_MergedGlobals.1)
    TxMailbox                                0x200000d0   Data           4  main.o(.bss..L_MergedGlobals.1)
    Left_roll_value                          0x200000d4   Data           4  main.o(.bss..L_MergedGlobals.1)
    Left_pitch_value                         0x200000d8   Data           4  main.o(.bss..L_MergedGlobals.1)
    Right_roll_value                         0x200000dc   Data           4  main.o(.bss..L_MergedGlobals.1)
    Right_pitch_value                        0x200000e0   Data           4  main.o(.bss..L_MergedGlobals.1)
    Right_Transmit_Vel                       0x200000e4   Data           4  main.o(.bss..L_MergedGlobals.1)
    Left_Transmit_Vel                        0x200000e8   Data           4  main.o(.bss..L_MergedGlobals.1)
    Left_Vel_Limit                           0x200000ec   Data           4  main.o(.bss..L_MergedGlobals.1)
    Right_Vel_Limit                          0x200000f0   Data           4  main.o(.bss..L_MergedGlobals.1)
    RFS1                                     0x200000f8   Data           4  main.o(.bss..L_MergedGlobals.2)
    RRS1                                     0x200000fc   Data           4  main.o(.bss..L_MergedGlobals.2)
    Right_Steer_Angle                        0x20000100   Data           8  main.o(.bss..L_MergedGlobals.2)
    TimeTaken                                0x20000108   Data           8  main.o(.bss..L_MergedGlobals.2)
    Inner_Speed                              0x20000110   Data           8  main.o(.bss..L_MergedGlobals.2)
    Outer_Speed                              0x20000118   Data           8  main.o(.bss..L_MergedGlobals.2)
    Mean_kmph                                0x20000120   Data           8  main.o(.bss..L_MergedGlobals.2)
    TxData                                   0x20000128   Data           8  main.o(.bss..L_MergedGlobals.2)
    RxData2                                  0x20000130   Data           8  main.o(.bss..L_MergedGlobals.2)
    RxBuff                                   0x20000138   Data           8  main.o(.bss..L_MergedGlobals.2)
    BT_Rx                                    0x20000140   Data           8  main.o(.bss..L_MergedGlobals.2)
    Axis_State                               0x20000148   Data          20  main.o(.bss..L_MergedGlobals.2)
    Node_Id                                  0x2000015c   Data          23  main.o(.bss..L_MergedGlobals.2)
    TxHeader                                 0x20000174   Data          24  main.o(.bss..L_MergedGlobals.3)
    RxHeader2                                0x2000018c   Data          28  main.o(.bss..L_MergedGlobals.3)
    Write_Value                              0x200001a8   Data          28  main.o(.bss..L_MergedGlobals.3)
    Prev_Write_Value                         0x200001c4   Data          28  main.o(.bss..L_MergedGlobals.3)
    Read_Value                               0x200001e0   Data          28  main.o(.bss..L_MergedGlobals.4)
    hcan2                                    0x200001fc   Data          40  main.o(.bss..L_MergedGlobals.4)
    Absolute_Position_Int                    0x20000224   Data          40  main.o(.bss..L_MergedGlobals.4)
    hcan1                                    0x2000024c   Data          40  main.o(.bss..L_MergedGlobals.5)
    huart4                                   0x20000274   Data          72  main.o(.bss..L_MergedGlobals.5)
    Absolute_Position                        0x200002bc   Data          80  main.o(.bss.Absolute_Position)
    Motor_Velocity                           0x20000310   Data          80  main.o(.bss.Motor_Velocity)
    hdma_uart5_tx                            0x20000360   Data          96  main.o(.bss.hdma_uart5_tx)
    hi2c1                                    0x200003c0   Data          84  main.o(.bss.hi2c1)
    hspi1                                    0x20000414   Data          88  main.o(.bss.hspi1)
    htim14                                   0x2000046c   Data          72  main.o(.bss.htim14)
    huart5                                   0x200004b4   Data          72  main.o(.bss.huart5)
    uwTick                                   0x200004fc   Data           4  stm32f4xx_hal.o(.bss.uwTick)



==============================================================================

Memory Map of the image

  Image Entry point : 0x080001c5

  Load Region LR_IROM1 (Base: 0x08000000, Size: 0x00007170, Max: 0x00080000, ABSOLUTE)

    Execution Region ER_IROM1 (Exec base: 0x08000000, Load base: 0x08000000, Size: 0x00007158, Max: 0x00080000, ABSOLUTE)

    Exec Addr    Load Addr    Size         Type   Attr      Idx    E Section Name        Object

    0x08000000   0x08000000   0x000001c4   Data   RO            3    RESET               startup_stm32f446xx.o
    0x080001c4   0x080001c4   0x00000008   Code   RO         1483  * !!!main             c_w.l(__main.o)
    0x080001cc   0x080001cc   0x00000034   Code   RO         1762    !!!scatter          c_w.l(__scatter.o)
    0x08000200   0x08000200   0x0000001a   Code   RO         1764    !!handler_copy      c_w.l(__scatter_copy.o)
    0x0800021a   0x0800021a   0x00000002   PAD
    0x0800021c   0x0800021c   0x0000001c   Code   RO         1766    !!handler_zi        c_w.l(__scatter_zi.o)
    0x08000238   0x08000238   0x00000002   Code   RO         1629    .ARM.Collect$$libinit$$00000000  c_w.l(libinit.o)
    0x0800023a   0x0800023a   0x00000004   Code   RO         1638    .ARM.Collect$$libinit$$00000001  c_w.l(libinit2.o)
    0x0800023e   0x0800023e   0x00000000   Code   RO         1641    .ARM.Collect$$libinit$$00000004  c_w.l(libinit2.o)
    0x0800023e   0x0800023e   0x00000000   Code   RO         1644    .ARM.Collect$$libinit$$0000000A  c_w.l(libinit2.o)
    0x0800023e   0x0800023e   0x00000000   Code   RO         1646    .ARM.Collect$$libinit$$0000000C  c_w.l(libinit2.o)
    0x0800023e   0x0800023e   0x00000000   Code   RO         1648    .ARM.Collect$$libinit$$0000000E  c_w.l(libinit2.o)
    0x0800023e   0x0800023e   0x00000000   Code   RO         1651    .ARM.Collect$$libinit$$00000011  c_w.l(libinit2.o)
    0x0800023e   0x0800023e   0x00000000   Code   RO         1653    .ARM.Collect$$libinit$$00000013  c_w.l(libinit2.o)
    0x0800023e   0x0800023e   0x00000000   Code   RO         1655    .ARM.Collect$$libinit$$00000015  c_w.l(libinit2.o)
    0x0800023e   0x0800023e   0x00000000   Code   RO         1657    .ARM.Collect$$libinit$$00000017  c_w.l(libinit2.o)
    0x0800023e   0x0800023e   0x00000000   Code   RO         1659    .ARM.Collect$$libinit$$00000019  c_w.l(libinit2.o)
    0x0800023e   0x0800023e   0x00000000   Code   RO         1661    .ARM.Collect$$libinit$$0000001B  c_w.l(libinit2.o)
    0x0800023e   0x0800023e   0x00000000   Code   RO         1663    .ARM.Collect$$libinit$$0000001D  c_w.l(libinit2.o)
    0x0800023e   0x0800023e   0x00000000   Code   RO         1665    .ARM.Collect$$libinit$$0000001F  c_w.l(libinit2.o)
    0x0800023e   0x0800023e   0x00000000   Code   RO         1667    .ARM.Collect$$libinit$$00000021  c_w.l(libinit2.o)
    0x0800023e   0x0800023e   0x00000000   Code   RO         1669    .ARM.Collect$$libinit$$00000023  c_w.l(libinit2.o)
    0x0800023e   0x0800023e   0x00000000   Code   RO         1671    .ARM.Collect$$libinit$$00000025  c_w.l(libinit2.o)
    0x0800023e   0x0800023e   0x00000000   Code   RO         1675    .ARM.Collect$$libinit$$0000002C  c_w.l(libinit2.o)
    0x0800023e   0x0800023e   0x00000000   Code   RO         1677    .ARM.Collect$$libinit$$0000002E  c_w.l(libinit2.o)
    0x0800023e   0x0800023e   0x00000000   Code   RO         1679    .ARM.Collect$$libinit$$00000030  c_w.l(libinit2.o)
    0x0800023e   0x0800023e   0x00000000   Code   RO         1681    .ARM.Collect$$libinit$$00000032  c_w.l(libinit2.o)
    0x0800023e   0x0800023e   0x00000002   Code   RO         1682    .ARM.Collect$$libinit$$00000033  c_w.l(libinit2.o)
    0x08000240   0x08000240   0x00000002   Code   RO         1717    .ARM.Collect$$libshutdown$$00000000  c_w.l(libshutdown.o)
    0x08000242   0x08000242   0x00000000   Code   RO         1745    .ARM.Collect$$libshutdown$$00000002  c_w.l(libshutdown2.o)
    0x08000242   0x08000242   0x00000000   Code   RO         1747    .ARM.Collect$$libshutdown$$00000004  c_w.l(libshutdown2.o)
    0x08000242   0x08000242   0x00000000   Code   RO         1750    .ARM.Collect$$libshutdown$$00000007  c_w.l(libshutdown2.o)
    0x08000242   0x08000242   0x00000000   Code   RO         1753    .ARM.Collect$$libshutdown$$0000000A  c_w.l(libshutdown2.o)
    0x08000242   0x08000242   0x00000000   Code   RO         1755    .ARM.Collect$$libshutdown$$0000000C  c_w.l(libshutdown2.o)
    0x08000242   0x08000242   0x00000000   Code   RO         1758    .ARM.Collect$$libshutdown$$0000000F  c_w.l(libshutdown2.o)
    0x08000242   0x08000242   0x00000002   Code   RO         1759    .ARM.Collect$$libshutdown$$00000010  c_w.l(libshutdown2.o)
    0x08000244   0x08000244   0x00000000   Code   RO         1523    .ARM.Collect$$rtentry$$00000000  c_w.l(__rtentry.o)
    0x08000244   0x08000244   0x00000000   Code   RO         1576    .ARM.Collect$$rtentry$$00000002  c_w.l(__rtentry2.o)
    0x08000244   0x08000244   0x00000006   Code   RO         1588    .ARM.Collect$$rtentry$$00000004  c_w.l(__rtentry4.o)
    0x0800024a   0x0800024a   0x00000000   Code   RO         1578    .ARM.Collect$$rtentry$$00000009  c_w.l(__rtentry2.o)
    0x0800024a   0x0800024a   0x00000004   Code   RO         1579    .ARM.Collect$$rtentry$$0000000A  c_w.l(__rtentry2.o)
    0x0800024e   0x0800024e   0x00000000   Code   RO         1581    .ARM.Collect$$rtentry$$0000000C  c_w.l(__rtentry2.o)
    0x0800024e   0x0800024e   0x00000008   Code   RO         1582    .ARM.Collect$$rtentry$$0000000D  c_w.l(__rtentry2.o)
    0x08000256   0x08000256   0x00000002   Code   RO         1630    .ARM.Collect$$rtexit$$00000000  c_w.l(rtexit.o)
    0x08000258   0x08000258   0x00000000   Code   RO         1688    .ARM.Collect$$rtexit$$00000002  c_w.l(rtexit2.o)
    0x08000258   0x08000258   0x00000004   Code   RO         1689    .ARM.Collect$$rtexit$$00000003  c_w.l(rtexit2.o)
    0x0800025c   0x0800025c   0x00000006   Code   RO         1690    .ARM.Collect$$rtexit$$00000004  c_w.l(rtexit2.o)
    0x08000262   0x08000262   0x00000002   PAD
    0x08000264   0x08000264   0x00000040   Code   RO            4    .text               startup_stm32f446xx.o
    0x080002a4   0x080002a4   0x000000f0   Code   RO         1477    .text               c_w.l(lludivv7m.o)
    0x08000394   0x08000394   0x00000006   Code   RO         1481    .text               c_w.l(heapauxi.o)
    0x0800039a   0x0800039a   0x00000016   Code   RO         1528    .text               c_w.l(_rserrno.o)
    0x080003b0   0x080003b0   0x00000008   Code   RO         1595    .text               c_w.l(rt_errno_addr_intlibspace.o)
    0x080003b8   0x080003b8   0x00000008   Code   RO         1613    .text               c_w.l(libspace.o)
    0x080003c0   0x080003c0   0x0000004a   Code   RO         1616    .text               c_w.l(sys_stackheap_outer.o)
    0x0800040a   0x0800040a   0x00000012   Code   RO         1618    .text               c_w.l(exit.o)
    0x0800041c   0x0800041c   0x0000000c   Code   RO         1683    .text               c_w.l(sys_exit.o)
    0x08000428   0x08000428   0x00000002   Code   RO         1706    .text               c_w.l(use_no_semi.o)
    0x0800042a   0x0800042a   0x00000000   Code   RO         1708    .text               c_w.l(indicate_semi.o)
    0x0800042a   0x0800042a   0x00000002   PAD
    0x0800042c   0x0800042c   0x00000002   Code   RO          170    .text.BusFault_Handler  stm32f4xx_it.o
    0x0800042e   0x0800042e   0x00000002   PAD
    0x08000430   0x08000430   0x0000000c   Code   RO          182    .text.CAN1_RX0_IRQHandler  stm32f4xx_it.o
    0x0800043c   0x0800043c   0x0000000c   Code   RO          184    .text.CAN1_RX1_IRQHandler  stm32f4xx_it.o
    0x08000448   0x08000448   0x0000000c   Code   RO          198    .text.CAN2_RX0_IRQHandler  stm32f4xx_it.o
    0x08000454   0x08000454   0x0000000c   Code   RO          200    .text.CAN2_RX1_IRQHandler  stm32f4xx_it.o
    0x08000460   0x08000460   0x0000000c   Code   RO          192    .text.DMA1_Stream7_IRQHandler  stm32f4xx_it.o
    0x0800046c   0x0800046c   0x00000002   Code   RO          176    .text.DebugMon_Handler  stm32f4xx_it.o
    0x0800046e   0x0800046e   0x00000002   PAD
    0x08000470   0x08000470   0x00000070   Code   RO           43    .text.Drives_Error_Check  main.o
    0x080004e0   0x080004e0   0x00000090   Code   RO          252    .text.EEPROM_Read   eeprom.o
    0x08000570   0x08000570   0x00000006   Code   RO           53    .text.Error_Handler  main.o
    0x08000576   0x08000576   0x00000002   PAD
    0x08000578   0x08000578   0x0000002e   Code   RO          299    .text.HAL_CAN_ActivateNotification  stm32f4xx_hal_can.o
    0x080005a6   0x080005a6   0x00000002   PAD
    0x080005a8   0x080005a8   0x000000a4   Code   RO          285    .text.HAL_CAN_AddTxMessage  stm32f4xx_hal_can.o
    0x0800064c   0x0800064c   0x000000de   Code   RO          275    .text.HAL_CAN_ConfigFilter  stm32f4xx_hal_can.o
    0x0800072a   0x0800072a   0x00000002   PAD
    0x0800072c   0x0800072c   0x00000002   Code   RO          329    .text.HAL_CAN_ErrorCallback  stm32f4xx_hal_can.o
    0x0800072e   0x0800072e   0x00000002   PAD
    0x08000730   0x08000730   0x00000134   Code   RO          295    .text.HAL_CAN_GetRxMessage  stm32f4xx_hal_can.o
    0x08000864   0x08000864   0x0000025e   Code   RO          303    .text.HAL_CAN_IRQHandler  stm32f4xx_hal_can.o
    0x08000ac2   0x08000ac2   0x00000002   PAD
    0x08000ac4   0x08000ac4   0x000000f4   Code   RO          265    .text.HAL_CAN_Init  stm32f4xx_hal_can.o
    0x08000bb8   0x08000bb8   0x00000134   Code   RO          211    .text.HAL_CAN_MspInit  stm32f4xx_hal_msp.o
    0x08000cec   0x08000cec   0x00000002   Code   RO          317    .text.HAL_CAN_RxFifo0FullCallback  stm32f4xx_hal_can.o
    0x08000cee   0x08000cee   0x00000002   PAD
    0x08000cf0   0x08000cf0   0x00000002   Code   RO          319    .text.HAL_CAN_RxFifo0MsgPendingCallback  stm32f4xx_hal_can.o
    0x08000cf2   0x08000cf2   0x00000002   PAD
    0x08000cf4   0x08000cf4   0x00000002   Code   RO          321    .text.HAL_CAN_RxFifo1FullCallback  stm32f4xx_hal_can.o
    0x08000cf6   0x08000cf6   0x00000002   PAD
    0x08000cf8   0x08000cf8   0x00000112   Code   RO           19    .text.HAL_CAN_RxFifo1MsgPendingCallback  main.o
    0x08000e0a   0x08000e0a   0x00000002   PAD
    0x08000e0c   0x08000e0c   0x00000002   Code   RO          325    .text.HAL_CAN_SleepCallback  stm32f4xx_hal_can.o
    0x08000e0e   0x08000e0e   0x00000002   PAD
    0x08000e10   0x08000e10   0x0000005a   Code   RO          277    .text.HAL_CAN_Start  stm32f4xx_hal_can.o
    0x08000e6a   0x08000e6a   0x00000002   PAD
    0x08000e6c   0x08000e6c   0x00000002   Code   RO          307    .text.HAL_CAN_TxMailbox0AbortCallback  stm32f4xx_hal_can.o
    0x08000e6e   0x08000e6e   0x00000002   PAD
    0x08000e70   0x08000e70   0x00000002   Code   RO          305    .text.HAL_CAN_TxMailbox0CompleteCallback  stm32f4xx_hal_can.o
    0x08000e72   0x08000e72   0x00000002   PAD
    0x08000e74   0x08000e74   0x00000002   Code   RO          311    .text.HAL_CAN_TxMailbox1AbortCallback  stm32f4xx_hal_can.o
    0x08000e76   0x08000e76   0x00000002   PAD
    0x08000e78   0x08000e78   0x00000002   Code   RO          309    .text.HAL_CAN_TxMailbox1CompleteCallback  stm32f4xx_hal_can.o
    0x08000e7a   0x08000e7a   0x00000002   PAD
    0x08000e7c   0x08000e7c   0x00000002   Code   RO          315    .text.HAL_CAN_TxMailbox2AbortCallback  stm32f4xx_hal_can.o
    0x08000e7e   0x08000e7e   0x00000002   PAD
    0x08000e80   0x08000e80   0x00000002   Code   RO          313    .text.HAL_CAN_TxMailbox2CompleteCallback  stm32f4xx_hal_can.o
    0x08000e82   0x08000e82   0x00000002   PAD
    0x08000e84   0x08000e84   0x00000002   Code   RO          327    .text.HAL_CAN_WakeUpFromRxMsgCallback  stm32f4xx_hal_can.o
    0x08000e86   0x08000e86   0x00000002   PAD
    0x08000e88   0x08000e88   0x00000092   Code   RO          535    .text.HAL_DMA_Abort  stm32f4xx_hal_dma.o
    0x08000f1a   0x08000f1a   0x00000002   PAD
    0x08000f1c   0x08000f1c   0x00000024   Code   RO          537    .text.HAL_DMA_Abort_IT  stm32f4xx_hal_dma.o
    0x08000f40   0x08000f40   0x00000006   Code   RO          547    .text.HAL_DMA_GetState  stm32f4xx_hal_dma.o
    0x08000f46   0x08000f46   0x00000002   PAD
    0x08000f48   0x08000f48   0x000001c0   Code   RO          541    .text.HAL_DMA_IRQHandler  stm32f4xx_hal_dma.o
    0x08001108   0x08001108   0x00000162   Code   RO          527    .text.HAL_DMA_Init  stm32f4xx_hal_dma.o
    0x0800126a   0x0800126a   0x00000002   PAD
    0x0800126c   0x0800126c   0x00000028   Code   RO          696    .text.HAL_Delay     stm32f4xx_hal.o
    0x08001294   0x08001294   0x000001ba   Code   RO          489    .text.HAL_GPIO_Init  stm32f4xx_hal_gpio.o
    0x0800144e   0x0800144e   0x00000002   PAD
    0x08001450   0x08001450   0x0000000a   Code   RO          495    .text.HAL_GPIO_WritePin  stm32f4xx_hal_gpio.o
    0x0800145a   0x0800145a   0x00000002   PAD
    0x0800145c   0x0800145c   0x0000000c   Code   RO          688    .text.HAL_GetTick   stm32f4xx_hal.o
    0x08001468   0x08001468   0x00000002   Code   RO          876    .text.HAL_I2C_AbortCpltCallback  stm32f4xx_hal_i2c.o
    0x0800146a   0x0800146a   0x00000002   PAD
    0x0800146c   0x0800146c   0x00000002   Code   RO          866    .text.HAL_I2C_AddrCallback  stm32f4xx_hal_i2c.o
    0x0800146e   0x0800146e   0x00000002   PAD
    0x08001470   0x08001470   0x00000148   Code   RO          856    .text.HAL_I2C_ER_IRQHandler  stm32f4xx_hal_i2c.o
    0x080015b8   0x080015b8   0x000009f4   Code   RO          852    .text.HAL_I2C_EV_IRQHandler  stm32f4xx_hal_i2c.o
    0x08001fac   0x08001fac   0x00000002   Code   RO          874    .text.HAL_I2C_ErrorCallback  stm32f4xx_hal_i2c.o
    0x08001fae   0x08001fae   0x00000002   PAD
    0x08001fb0   0x08001fb0   0x00000176   Code   RO          766    .text.HAL_I2C_Init  stm32f4xx_hal_i2c.o
    0x08002126   0x08002126   0x00000002   PAD
    0x08002128   0x08002128   0x00000002   Code   RO          868    .text.HAL_I2C_ListenCpltCallback  stm32f4xx_hal_i2c.o
    0x0800212a   0x0800212a   0x00000002   PAD
    0x0800212c   0x0800212c   0x00000002   Code   RO          860    .text.HAL_I2C_MasterRxCpltCallback  stm32f4xx_hal_i2c.o
    0x0800212e   0x0800212e   0x00000002   PAD
    0x08002130   0x08002130   0x00000002   Code   RO          858    .text.HAL_I2C_MasterTxCpltCallback  stm32f4xx_hal_i2c.o
    0x08002132   0x08002132   0x00000002   PAD
    0x08002134   0x08002134   0x00000002   Code   RO          872    .text.HAL_I2C_MemRxCpltCallback  stm32f4xx_hal_i2c.o
    0x08002136   0x08002136   0x00000002   PAD
    0x08002138   0x08002138   0x00000002   Code   RO          870    .text.HAL_I2C_MemTxCpltCallback  stm32f4xx_hal_i2c.o
    0x0800213a   0x0800213a   0x00000002   PAD
    0x0800213c   0x0800213c   0x00000366   Code   RO          812    .text.HAL_I2C_Mem_Read  stm32f4xx_hal_i2c.o
    0x080024a2   0x080024a2   0x00000002   PAD
    0x080024a4   0x080024a4   0x0000008a   Code   RO          215    .text.HAL_I2C_MspInit  stm32f4xx_hal_msp.o
    0x0800252e   0x0800252e   0x00000002   PAD
    0x08002530   0x08002530   0x00000002   Code   RO          864    .text.HAL_I2C_SlaveRxCpltCallback  stm32f4xx_hal_i2c.o
    0x08002532   0x08002532   0x00000002   PAD
    0x08002534   0x08002534   0x00000002   Code   RO          862    .text.HAL_I2C_SlaveTxCpltCallback  stm32f4xx_hal_i2c.o
    0x08002536   0x08002536   0x00000002   PAD
    0x08002538   0x08002538   0x0000001a   Code   RO          686    .text.HAL_IncTick   stm32f4xx_hal.o
    0x08002552   0x08002552   0x00000002   PAD
    0x08002554   0x08002554   0x00000036   Code   RO          676    .text.HAL_Init      stm32f4xx_hal.o
    0x0800258a   0x0800258a   0x00000002   PAD
    0x0800258c   0x0800258c   0x00000048   Code   RO          678    .text.HAL_InitTick  stm32f4xx_hal.o
    0x080025d4   0x080025d4   0x00000038   Code   RO          209    .text.HAL_MspInit   stm32f4xx_hal_msp.o
    0x0800260c   0x0800260c   0x00000020   Code   RO          632    .text.HAL_NVIC_EnableIRQ  stm32f4xx_hal_cortex.o
    0x0800262c   0x0800262c   0x00000056   Code   RO          630    .text.HAL_NVIC_SetPriority  stm32f4xx_hal_cortex.o
    0x08002682   0x08002682   0x00000002   PAD
    0x08002684   0x08002684   0x00000020   Code   RO          628    .text.HAL_NVIC_SetPriorityGrouping  stm32f4xx_hal_cortex.o
    0x080026a4   0x080026a4   0x0000007a   Code   RO          614    .text.HAL_PWREx_EnableOverDrive  stm32f4xx_hal_pwr_ex.o
    0x0800271e   0x0800271e   0x00000002   PAD
    0x08002720   0x08002720   0x00000160   Code   RO          349    .text.HAL_RCC_ClockConfig  stm32f4xx_hal_rcc.o
    0x08002880   0x08002880   0x00000026   Code   RO          361    .text.HAL_RCC_GetPCLK1Freq  stm32f4xx_hal_rcc.o
    0x080028a6   0x080028a6   0x00000002   PAD
    0x080028a8   0x080028a8   0x00000026   Code   RO          363    .text.HAL_RCC_GetPCLK2Freq  stm32f4xx_hal_rcc.o
    0x080028ce   0x080028ce   0x00000002   PAD
    0x080028d0   0x080028d0   0x000000a6   Code   RO          397    .text.HAL_RCC_GetSysClockFreq  stm32f4xx_hal_rcc_ex.o
    0x08002976   0x08002976   0x00000002   PAD
    0x08002978   0x08002978   0x000003aa   Code   RO          401    .text.HAL_RCC_OscConfig  stm32f4xx_hal_rcc_ex.o
    0x08002d22   0x08002d22   0x00000002   PAD
    0x08002d24   0x08002d24   0x000000c6   Code   RO          906    .text.HAL_SPI_Init  stm32f4xx_hal_spi.o
    0x08002dea   0x08002dea   0x00000002   PAD
    0x08002dec   0x08002dec   0x0000006a   Code   RO          219    .text.HAL_SPI_MspInit  stm32f4xx_hal_msp.o
    0x08002e56   0x08002e56   0x00000002   PAD
    0x08002e58   0x08002e58   0x0000002c   Code   RO          640    .text.HAL_SYSTICK_Config  stm32f4xx_hal_cortex.o
    0x08002e84   0x08002e84   0x00000002   Code   RO         1325    .text.HAL_TIMEx_BreakCallback  stm32f4xx_hal_tim_ex.o
    0x08002e86   0x08002e86   0x00000002   PAD
    0x08002e88   0x08002e88   0x00000002   Code   RO         1321    .text.HAL_TIMEx_CommutCallback  stm32f4xx_hal_tim_ex.o
    0x08002e8a   0x08002e8a   0x00000002   PAD
    0x08002e8c   0x08002e8c   0x0000005a   Code   RO         1020    .text.HAL_TIM_Base_Init  stm32f4xx_hal_tim.o
    0x08002ee6   0x08002ee6   0x00000002   PAD
    0x08002ee8   0x08002ee8   0x0000004a   Code   RO          223    .text.HAL_TIM_Base_MspInit  stm32f4xx_hal_msp.o
    0x08002f32   0x08002f32   0x00000002   PAD
    0x08002f34   0x08002f34   0x00000002   Code   RO         1156    .text.HAL_TIM_IC_CaptureCallback  stm32f4xx_hal_tim.o
    0x08002f36   0x08002f36   0x00000002   PAD
    0x08002f38   0x08002f38   0x0000013c   Code   RO         1154    .text.HAL_TIM_IRQHandler  stm32f4xx_hal_tim.o
    0x08003074   0x08003074   0x00000002   Code   RO         1158    .text.HAL_TIM_OC_DelayElapsedCallback  stm32f4xx_hal_tim.o
    0x08003076   0x08003076   0x00000002   PAD
    0x08003078   0x08003078   0x00000002   Code   RO         1160    .text.HAL_TIM_PWM_PulseFinishedCallback  stm32f4xx_hal_tim.o
    0x0800307a   0x0800307a   0x00000002   PAD
    0x0800307c   0x0800307c   0x00000002   Code   RO         1162    .text.HAL_TIM_PeriodElapsedCallback  stm32f4xx_hal_tim.o
    0x0800307e   0x0800307e   0x00000002   PAD
    0x08003080   0x08003080   0x00000002   Code   RO         1164    .text.HAL_TIM_TriggerCallback  stm32f4xx_hal_tim.o
    0x08003082   0x08003082   0x00000002   PAD
    0x08003084   0x08003084   0x00000002   Code   RO         1425    .text.HAL_UARTEx_RxEventCallback  stm32f4xx_hal_uart.o
    0x08003086   0x08003086   0x00000002   PAD
    0x08003088   0x08003088   0x00000002   Code   RO         1423    .text.HAL_UART_ErrorCallback  stm32f4xx_hal_uart.o
    0x0800308a   0x0800308a   0x00000002   PAD
    0x0800308c   0x0800308c   0x0000057e   Code   RO         1417    .text.HAL_UART_IRQHandler  stm32f4xx_hal_uart.o
    0x0800360a   0x0800360a   0x00000002   PAD
    0x0800360c   0x0800360c   0x00000060   Code   RO         1339    .text.HAL_UART_Init  stm32f4xx_hal_uart.o
    0x0800366c   0x0800366c   0x00000162   Code   RO          227    .text.HAL_UART_MspInit  stm32f4xx_hal_msp.o
    0x080037ce   0x080037ce   0x00000002   PAD
    0x080037d0   0x080037d0   0x00000052   Code   RO         1361    .text.HAL_UART_Receive_IT  stm32f4xx_hal_uart.o
    0x08003822   0x08003822   0x00000002   PAD
    0x08003824   0x08003824   0x0000002c   Code   RO           15    .text.HAL_UART_RxCpltCallback  main.o
    0x08003850   0x08003850   0x00000002   Code   RO         1427    .text.HAL_UART_TxCpltCallback  stm32f4xx_hal_uart.o
    0x08003852   0x08003852   0x00000002   PAD
    0x08003854   0x08003854   0x00000002   Code   RO          166    .text.HardFault_Handler  stm32f4xx_it.o
    0x08003856   0x08003856   0x00000002   PAD
    0x08003858   0x08003858   0x000000d6   Code   RO           59    .text.Heal_Error    main.o
    0x0800392e   0x0800392e   0x00000002   PAD
    0x08003930   0x08003930   0x0000000c   Code   RO          188    .text.I2C1_ER_IRQHandler  stm32f4xx_it.o
    0x0800393c   0x0800393c   0x0000000c   Code   RO          186    .text.I2C1_EV_IRQHandler  stm32f4xx_it.o
    0x08003948   0x08003948   0x0000011c   Code   RO          838    .text.I2C_DMAAbort  stm32f4xx_hal_i2c.o
    0x08003a64   0x08003a64   0x00000180   Code   RO          850    .text.I2C_ITError   stm32f4xx_hal_i2c.o
    0x08003be4   0x08003be4   0x000000be   Code   RO          854    .text.I2C_MemoryTransmit_TXE_BTF  stm32f4xx_hal_i2c.o
    0x08003ca2   0x08003ca2   0x00000002   PAD
    0x08003ca4   0x08003ca4   0x000001b4   Code   RO          814    .text.I2C_RequestMemoryRead  stm32f4xx_hal_i2c.o
    0x08003e58   0x08003e58   0x000000ee   Code   RO          884    .text.I2C_WaitOnMasterAddressFlagUntilTimeout  stm32f4xx_hal_i2c.o
    0x08003f46   0x08003f46   0x00000002   PAD
    0x08003f48   0x08003f48   0x00000098   Code   RO          782    .text.I2C_WaitOnRXNEFlagUntilTimeout  stm32f4xx_hal_i2c.o
    0x08003fe0   0x08003fe0   0x000000d8   Code   RO          776    .text.I2C_WaitOnTXEFlagUntilTimeout  stm32f4xx_hal_i2c.o
    0x080040b8   0x080040b8   0x000001b4   Code   RO           47    .text.Macro_Controls  main.o
    0x0800426c   0x0800426c   0x00000002   Code   RO          168    .text.MemManage_Handler  stm32f4xx_it.o
    0x0800426e   0x0800426e   0x00000002   PAD
    0x08004270   0x08004270   0x00000002   Code   RO          164    .text.NMI_Handler   stm32f4xx_it.o
    0x08004272   0x08004272   0x00000002   PAD
    0x08004274   0x08004274   0x00000002   Code   RO          178    .text.PendSV_Handler  stm32f4xx_it.o
    0x08004276   0x08004276   0x00000002   PAD
    0x08004278   0x08004278   0x00000002   Code   RO          174    .text.SVC_Handler   stm32f4xx_it.o
    0x0800427a   0x0800427a   0x00000002   PAD
    0x0800427c   0x0800427c   0x000000ac   Code   RO           25    .text.Set_Motor_Torque  main.o
    0x08004328   0x08004328   0x0000053c   Code   RO           51    .text.Steering_Controls  main.o
    0x08004864   0x08004864   0x0000035c   Code   RO           61    .text.Stop_Motors   main.o
    0x08004bc0   0x08004bc0   0x00000004   Code   RO          180    .text.SysTick_Handler  stm32f4xx_it.o
    0x08004bc4   0x08004bc4   0x000000b8   Code   RO           39    .text.SystemClock_Config  main.o
    0x08004c7c   0x08004c7c   0x00000012   Code   RO         1461    .text.SystemInit    system_stm32f4xx.o
    0x08004c8e   0x08004c8e   0x00000002   PAD
    0x08004c90   0x08004c90   0x0000000c   Code   RO          190    .text.TIM8_TRG_COM_TIM14_IRQHandler  stm32f4xx_it.o
    0x08004c9c   0x08004c9c   0x0000014c   Code   RO         1024    .text.TIM_Base_SetConfig  stm32f4xx_hal_tim.o
    0x08004de8   0x08004de8   0x000000ce   Code   RO           35    .text.Transmit_Velocity_Limit  main.o
    0x08004eb6   0x08004eb6   0x00000002   PAD
    0x08004eb8   0x08004eb8   0x0000000c   Code   RO          194    .text.UART4_IRQHandler  stm32f4xx_it.o
    0x08004ec4   0x08004ec4   0x0000000c   Code   RO          196    .text.UART5_IRQHandler  stm32f4xx_it.o
    0x08004ed0   0x08004ed0   0x0000000c   Code   RO         1421    .text.UART_DMAAbortOnError  stm32f4xx_hal_uart.o
    0x08004edc   0x08004edc   0x00000102   Code   RO         1419    .text.UART_Receive_IT  stm32f4xx_hal_uart.o
    0x08004fde   0x08004fde   0x00000002   PAD
    0x08004fe0   0x08004fe0   0x000000e2   Code   RO         1343    .text.UART_SetConfig  stm32f4xx_hal_uart.o
    0x080050c2   0x080050c2   0x00000002   PAD
    0x080050c4   0x080050c4   0x00000002   Code   RO          172    .text.UsageFault_Handler  stm32f4xx_it.o
    0x080050c6   0x080050c6   0x00000002   PAD
    0x080050c8   0x080050c8   0x0000010c   Code   RO           49    .text.Wheel_Controls  main.o
    0x080051d4   0x080051d4   0x000003f0   Code   RO           37    .text.main          main.o
    0x080055c4   0x080055c4   0x00000030   Code   RO         1609    i.__ARM_fpclassify  m_wm.l(fpclassify.o)
    0x080055f4   0x080055f4   0x00000004   PAD
    0x080055f8   0x080055f8   0x000000e0   Code   RO         1507    i.__hardfp_round    m_wm.l(round.o)
    0x080056d8   0x080056d8   0x000000c8   Code   RO         1511    i.__hardfp_sin      m_wm.l(sin.o)
    0x080057a0   0x080057a0   0x00000080   Code   RO         1517    i.__hardfp_tan      m_wm.l(tan.o)
    0x08005820   0x08005820   0x00000438   Code   RO         1564    i.__ieee754_rem_pio2  m_wm.l(rred.o)
    0x08005c58   0x08005c58   0x00000170   Code   RO         1547    i.__kernel_cos      m_wm.l(cos_i.o)
    0x08005dc8   0x08005dc8   0x000000f8   Code   RO         1611    i.__kernel_poly     m_wm.l(poly.o)
    0x08005ec0   0x08005ec0   0x00000130   Code   RO         1569    i.__kernel_sin      m_wm.l(sin_i.o)
    0x08005ff0   0x08005ff0   0x00000350   Code   RO         1572    i.__kernel_tan      m_wm.l(tan_i.o)
    0x08006340   0x08006340   0x00000014   Code   RO         1551    i.__mathlib_dbl_infnan  m_wm.l(dunder.o)
    0x08006354   0x08006354   0x00000004   PAD
    0x08006358   0x08006358   0x00000020   Code   RO         1553    i.__mathlib_dbl_invalid  m_wm.l(dunder.o)
    0x08006378   0x08006378   0x00000020   Code   RO         1556    i.__mathlib_dbl_underflow  m_wm.l(dunder.o)
    0x08006398   0x08006398   0x00000018   Code   RO         1605    i.fabs              m_wm.l(fabs.o)
    0x080063b0   0x080063b0   0x00000018   Code   RO         1530    x$fpl$basic         fz_wm.l(basic.o)
    0x080063c8   0x080063c8   0x00000062   Code   RO         1485    x$fpl$d2f           fz_wm.l(d2f.o)
    0x0800642a   0x0800642a   0x00000002   PAD
    0x0800642c   0x0800642c   0x00000150   Code   RO         1487    x$fpl$dadd          fz_wm.l(daddsub_clz.o)
    0x0800657c   0x0800657c   0x00000018   Code   RO         1597    x$fpl$dcmpinf       fz_wm.l(dcmpi.o)
    0x08006594   0x08006594   0x000002b4   Code   RO         1494    x$fpl$ddiv          fz_wm.l(ddiv.o)
    0x08006848   0x08006848   0x0000005e   Code   RO         1599    x$fpl$dfix          fz_wm.l(dfix.o)
    0x080068a6   0x080068a6   0x0000002e   Code   RO         1498    x$fpl$dflt          fz_wm.l(dflt_clz.o)
    0x080068d4   0x080068d4   0x00000026   Code   RO         1497    x$fpl$dfltu         fz_wm.l(dflt_clz.o)
    0x080068fa   0x080068fa   0x00000002   PAD
    0x080068fc   0x080068fc   0x00000078   Code   RO         1532    x$fpl$dleqf         fz_wm.l(dleqf.o)
    0x08006974   0x08006974   0x00000154   Code   RO         1503    x$fpl$dmul          fz_wm.l(dmul.o)
    0x08006ac8   0x08006ac8   0x0000009c   Code   RO         1534    x$fpl$dnaninf       fz_wm.l(dnaninf.o)
    0x08006b64   0x08006b64   0x0000000c   Code   RO         1536    x$fpl$dretinf       fz_wm.l(dretinf.o)
    0x08006b70   0x08006b70   0x0000006c   Code   RO         1538    x$fpl$drleqf        fz_wm.l(drleqf.o)
    0x08006bdc   0x08006bdc   0x000000b4   Code   RO         1540    x$fpl$drnd          fz_wm.l(drnd.o)
    0x08006c90   0x08006c90   0x00000016   Code   RO         1488    x$fpl$drsb          fz_wm.l(daddsub_clz.o)
    0x08006ca6   0x08006ca6   0x00000002   PAD
    0x08006ca8   0x08006ca8   0x000001dc   Code   RO         1489    x$fpl$dsub          fz_wm.l(daddsub_clz.o)
    0x08006e84   0x08006e84   0x00000056   Code   RO         1505    x$fpl$f2d           fz_wm.l(f2d.o)
    0x08006eda   0x08006eda   0x0000008c   Code   RO         1542    x$fpl$fnaninf       fz_wm.l(fnaninf.o)
    0x08006f66   0x08006f66   0x0000001a   Code   RO         1700    x$fpl$fpinit        fz_wm.l(fpinit.o)
    0x08006f80   0x08006f80   0x0000000a   Code   RO         1544    x$fpl$fretinf       fz_wm.l(fretinf.o)
    0x08006f8a   0x08006f8a   0x00000000   Code   RO         1546    x$fpl$usenofp       fz_wm.l(usenofp.o)
    0x08006f8a   0x08006f8a   0x00000006   PAD
    0x08006f90   0x08006f90   0x00000030   Data   RO         1548    .constdata          m_wm.l(cos_i.o)
    0x08006fc0   0x08006fc0   0x000000cc   Data   RO         1566    .constdata          m_wm.l(rred.o)
    0x0800708c   0x0800708c   0x00000004   PAD
    0x08007090   0x08007090   0x00000028   Data   RO         1570    .constdata          m_wm.l(sin_i.o)
    0x080070b8   0x080070b8   0x00000060   Data   RO         1573    .constdata          m_wm.l(tan_i.o)
    0x08007118   0x08007118   0x00000010   Data   RO         1466    .rodata.AHBPrescTable  system_stm32f4xx.o
    0x08007128   0x08007128   0x00000008   Data   RO         1467    .rodata.APBPrescTable  system_stm32f4xx.o
    0x08007130   0x08007130   0x00000008   Data   RO          551    .rodata.cst8        stm32f4xx_hal_dma.o
    0x08007138   0x08007138   0x00000020   Data   RO         1761    Region$$Table       anon$$obj.o


    Execution Region RW_IRAM1 (Exec base: 0x20000000, Load base: 0x08007158, Size: 0x00000b00, Max: 0x00020000, ABSOLUTE)

    Exec Addr    Load Addr    Size         Type   Attr      Idx    E Section Name        Object

    0x20000000   0x08007158   0x0000000c   Data   RW          150    .data..L_MergedGlobals  main.o
    0x2000000c   0x08007164   0x00000008   Data   RW          731    .data..L_MergedGlobals  stm32f4xx_hal.o
    0x20000014   0x0800716c   0x00000004   Data   RW         1465    .data.SystemCoreClock  system_stm32f4xx.o
    0x20000018        -       0x00000060   Zero   RW         1614    .bss                c_w.l(libspace.o)
    0x20000078        -       0x0000007c   Zero   RW          151    .bss..L_MergedGlobals.1  main.o
    0x200000f4   0x08007170   0x00000004   PAD
    0x200000f8        -       0x0000007b   Zero   RW          152    .bss..L_MergedGlobals.2  main.o
    0x20000173   0x08007170   0x00000001   PAD
    0x20000174        -       0x0000006c   Zero   RW          153    .bss..L_MergedGlobals.3  main.o
    0x200001e0        -       0x0000006c   Zero   RW          154    .bss..L_MergedGlobals.4  main.o
    0x2000024c        -       0x00000070   Zero   RW          155    .bss..L_MergedGlobals.5  main.o
    0x200002bc        -       0x00000050   Zero   RW          127    .bss.Absolute_Position  main.o
    0x2000030c        -       0x00000004   Zero   RW          231    .bss.HAL_RCC_CAN1_CLK_ENABLED  stm32f4xx_hal_msp.o
    0x20000310        -       0x00000050   Zero   RW          128    .bss.Motor_Velocity  main.o
    0x20000360        -       0x00000060   Zero   RW          133    .bss.hdma_uart5_tx  main.o
    0x200003c0        -       0x00000054   Zero   RW          129    .bss.hi2c1          main.o
    0x20000414        -       0x00000058   Zero   RW          130    .bss.hspi1          main.o
    0x2000046c        -       0x00000048   Zero   RW          131    .bss.htim14         main.o
    0x200004b4        -       0x00000048   Zero   RW          132    .bss.huart5         main.o
    0x200004fc        -       0x00000004   Zero   RW          730    .bss.uwTick         stm32f4xx_hal.o
    0x20000500        -       0x00000200   Zero   RW            2    HEAP                startup_stm32f446xx.o
    0x20000700        -       0x00000400   Zero   RW            1    STACK               startup_stm32f446xx.o


==============================================================================

Image component sizes


      Code (inc. data)   RO Data    RW Data    ZI Data      Debug   Object Name

       144          0          0          0          0       6586   eeprom.o
      5124        158          0         12       1147      34013   main.o
        64         26        452          0       1536        824   startup_stm32f446xx.o
       204          0          0          8          4       7462   stm32f4xx_hal.o
      1704          6          0          0          0      13619   stm32f4xx_hal_can.o
       194          0          0          0          0      10752   stm32f4xx_hal_cortex.o
       990          6          8          0          0      10409   stm32f4xx_hal_dma.o
       452          0          0          0          0       5801   stm32f4xx_hal_gpio.o
      6040         16          0          0          0      46564   stm32f4xx_hal_i2c.o
      1036          0          0          0          4      15036   stm32f4xx_hal_msp.o
       122          0          0          0          0       4631   stm32f4xx_hal_pwr_ex.o
       428          0          0          0          0       7521   stm32f4xx_hal_rcc.o
      1104          4          0          0          0      11186   stm32f4xx_hal_rcc_ex.o
       198          0          0          0          0      26218   stm32f4xx_hal_spi.o
       748          0          0          0          0      55170   stm32f4xx_hal_tim.o
         4          0          0          0          0      21291   stm32f4xx_hal_tim_ex.o
      2086          0          0          0          0      32257   stm32f4xx_hal_uart.o
       140          0          0          0          0       9298   stm32f4xx_it.o
        18          0         24          4          0       2706   system_stm32f4xx.o

    ----------------------------------------------------------------------
     20952        216        516         24       2696     321344   Object Totals
         0          0         32          0          0          0   (incl. Generated)
       152          0          0          0          5          0   (incl. Padding)

    ----------------------------------------------------------------------

      Code (inc. data)   RO Data    RW Data    ZI Data      Debug   Library Member Name

         8          0          0          0          0         68   __main.o
         0          0          0          0          0          0   __rtentry.o
        12          0          0          0          0          0   __rtentry2.o
         6          0          0          0          0          0   __rtentry4.o
        52          8          0          0          0          0   __scatter.o
        26          0          0          0          0          0   __scatter_copy.o
        28          0          0          0          0          0   __scatter_zi.o
        22          0          0          0          0        100   _rserrno.o
        18          0          0          0          0         80   exit.o
         6          0          0          0          0        152   heapauxi.o
         0          0          0          0          0          0   indicate_semi.o
         2          0          0          0          0          0   libinit.o
         6          0          0          0          0          0   libinit2.o
         2          0          0          0          0          0   libshutdown.o
         2          0          0          0          0          0   libshutdown2.o
         8          4          0          0         96         68   libspace.o
       240          0          0          0          0        100   lludivv7m.o
         8          4          0          0          0         68   rt_errno_addr_intlibspace.o
         2          0          0          0          0          0   rtexit.o
        10          0          0          0          0          0   rtexit2.o
        12          4          0          0          0         68   sys_exit.o
        74          0          0          0          0         80   sys_stackheap_outer.o
         2          0          0          0          0         68   use_no_semi.o
        24          0          0          0          0        164   basic.o
        98          4          0          0          0        140   d2f.o
       834         16          0          0          0        516   daddsub_clz.o
        24          0          0          0          0        116   dcmpi.o
       692        140          0          0          0        264   ddiv.o
        94          4          0          0          0        140   dfix.o
        84          0          0          0          0        232   dflt_clz.o
       120          4          0          0          0        140   dleqf.o
       340         12          0          0          0        152   dmul.o
       156          4          0          0          0        140   dnaninf.o
        12          0          0          0          0        116   dretinf.o
       108          0          0          0          0        128   drleqf.o
       180          4          0          0          0        128   drnd.o
        86          4          0          0          0        132   f2d.o
       140          4          0          0          0        132   fnaninf.o
        26          0          0          0          0        116   fpinit.o
        10          0          0          0          0        116   fretinf.o
         0          0          0          0          0          0   usenofp.o
       368         46         48          0          0        200   cos_i.o
        84         16          0          0          0        372   dunder.o
        24          0          0          0          0        124   fabs.o
        48          0          0          0          0        124   fpclassify.o
       248          0          0          0          0        152   poly.o
       224         30          0          0          0        172   round.o
      1080        142        204          0          0        188   rred.o
       200         20          0          0          0        164   sin.o
       304         24         40          0          0        208   sin_i.o
       128         20          0          0          0        144   tan.o
       848         84         96          0          0        196   tan_i.o

    ----------------------------------------------------------------------
      7156        598        392          0         96       5768   Library Totals
        26          0          4          0          0          0   (incl. Padding)

    ----------------------------------------------------------------------

      Code (inc. data)   RO Data    RW Data    ZI Data      Debug   Library Name

       546         20          0          0         96        852   c_w.l
      3028        196          0          0          0       2872   fz_wm.l
      3556        382        388          0          0       2044   m_wm.l

    ----------------------------------------------------------------------
      7156        598        392          0         96       5768   Library Totals

    ----------------------------------------------------------------------

==============================================================================


      Code (inc. data)   RO Data    RW Data    ZI Data      Debug   

     28108        814        908         24       2792     323360   Grand Totals
     28108        814        908         24       2792     323360   ELF Image Totals
     28108        814        908         24          0          0   ROM Totals

==============================================================================

    Total RO  Size (Code + RO Data)                29016 (  28.34kB)
    Total RW  Size (RW Data + ZI Data)              2816 (   2.75kB)
    Total ROM Size (Code + RO Data + RW Data)      29040 (  28.36kB)

==============================================================================

